Archive member included to satisfy reference by file (symbol)

c:/st/stm32cubeide_1.9.0/stm32cubeide/plugins/com.st.stm32cube.ide.mcu.externaltools.gnu-tools-for-stm32.10.3-2021.10.win32_1.0.100.202210260954/tools/bin/../lib/gcc/arm-none-eabi/10.3.1/../../../../arm-none-eabi/lib/thumb/v7e-m+fp/hard\libc_nano.a(lib_a-exit.o)
                              c:/st/stm32cubeide_1.9.0/stm32cubeide/plugins/com.st.stm32cube.ide.mcu.externaltools.gnu-tools-for-stm32.10.3-2021.10.win32_1.0.100.202210260954/tools/bin/../lib/gcc/arm-none-eabi/10.3.1/../../../../arm-none-eabi/lib/thumb/v7e-m+fp/hard/crt0.o (exit)
c:/st/stm32cubeide_1.9.0/stm32cubeide/plugins/com.st.stm32cube.ide.mcu.externaltools.gnu-tools-for-stm32.10.3-2021.10.win32_1.0.100.202210260954/tools/bin/../lib/gcc/arm-none-eabi/10.3.1/../../../../arm-none-eabi/lib/thumb/v7e-m+fp/hard\libc_nano.a(lib_a-impure.o)
                              c:/st/stm32cubeide_1.9.0/stm32cubeide/plugins/com.st.stm32cube.ide.mcu.externaltools.gnu-tools-for-stm32.10.3-2021.10.win32_1.0.100.202210260954/tools/bin/../lib/gcc/arm-none-eabi/10.3.1/../../../../arm-none-eabi/lib/thumb/v7e-m+fp/hard\libc_nano.a(lib_a-exit.o) (_global_impure_ptr)
c:/st/stm32cubeide_1.9.0/stm32cubeide/plugins/com.st.stm32cube.ide.mcu.externaltools.gnu-tools-for-stm32.10.3-2021.10.win32_1.0.100.202210260954/tools/bin/../lib/gcc/arm-none-eabi/10.3.1/../../../../arm-none-eabi/lib/thumb/v7e-m+fp/hard\libc_nano.a(lib_a-init.o)
                              c:/st/stm32cubeide_1.9.0/stm32cubeide/plugins/com.st.stm32cube.ide.mcu.externaltools.gnu-tools-for-stm32.10.3-2021.10.win32_1.0.100.202210260954/tools/bin/../lib/gcc/arm-none-eabi/10.3.1/../../../../arm-none-eabi/lib/thumb/v7e-m+fp/hard/crt0.o (__libc_init_array)
c:/st/stm32cubeide_1.9.0/stm32cubeide/plugins/com.st.stm32cube.ide.mcu.externaltools.gnu-tools-for-stm32.10.3-2021.10.win32_1.0.100.202210260954/tools/bin/../lib/gcc/arm-none-eabi/10.3.1/../../../../arm-none-eabi/lib/thumb/v7e-m+fp/hard\libc_nano.a(lib_a-memcpy-stub.o)
                              ./Drivers/VL53L1X/core/src/vl53l1_api.o (memcpy)
c:/st/stm32cubeide_1.9.0/stm32cubeide/plugins/com.st.stm32cube.ide.mcu.externaltools.gnu-tools-for-stm32.10.3-2021.10.win32_1.0.100.202210260954/tools/bin/../lib/gcc/arm-none-eabi/10.3.1/../../../../arm-none-eabi/lib/thumb/v7e-m+fp/hard\libc_nano.a(lib_a-memset.o)
                              c:/st/stm32cubeide_1.9.0/stm32cubeide/plugins/com.st.stm32cube.ide.mcu.externaltools.gnu-tools-for-stm32.10.3-2021.10.win32_1.0.100.202210260954/tools/bin/../lib/gcc/arm-none-eabi/10.3.1/../../../../arm-none-eabi/lib/thumb/v7e-m+fp/hard/crt0.o (memset)
c:/st/stm32cubeide_1.9.0/stm32cubeide/plugins/com.st.stm32cube.ide.mcu.externaltools.gnu-tools-for-stm32.10.3-2021.10.win32_1.0.100.202210260954/tools/bin/../lib/gcc/arm-none-eabi/10.3.1/../../../../arm-none-eabi/lib/thumb/v7e-m+fp/hard\libc_nano.a(lib_a-nano-vfprintf_float.o)
                              (_printf_float)
c:/st/stm32cubeide_1.9.0/stm32cubeide/plugins/com.st.stm32cube.ide.mcu.externaltools.gnu-tools-for-stm32.10.3-2021.10.win32_1.0.100.202210260954/tools/bin/../lib/gcc/arm-none-eabi/10.3.1/../../../../arm-none-eabi/lib/thumb/v7e-m+fp/hard\libc_nano.a(lib_a-nano-vfprintf_i.o)
                              c:/st/stm32cubeide_1.9.0/stm32cubeide/plugins/com.st.stm32cube.ide.mcu.externaltools.gnu-tools-for-stm32.10.3-2021.10.win32_1.0.100.202210260954/tools/bin/../lib/gcc/arm-none-eabi/10.3.1/../../../../arm-none-eabi/lib/thumb/v7e-m+fp/hard\libc_nano.a(lib_a-nano-vfprintf_float.o) (_printf_common)
c:/st/stm32cubeide_1.9.0/stm32cubeide/plugins/com.st.stm32cube.ide.mcu.externaltools.gnu-tools-for-stm32.10.3-2021.10.win32_1.0.100.202210260954/tools/bin/../lib/gcc/arm-none-eabi/10.3.1/../../../../arm-none-eabi/lib/thumb/v7e-m+fp/hard\libc_nano.a(lib_a-sprintf.o)
                              ./Core/Src/linesensor.o (sprintf)
c:/st/stm32cubeide_1.9.0/stm32cubeide/plugins/com.st.stm32cube.ide.mcu.externaltools.gnu-tools-for-stm32.10.3-2021.10.win32_1.0.100.202210260954/tools/bin/../lib/gcc/arm-none-eabi/10.3.1/../../../../arm-none-eabi/lib/thumb/v7e-m+fp/hard\libc_nano.a(lib_a-strcat.o)
                              ./Core/Src/linesensor.o (strcat)
c:/st/stm32cubeide_1.9.0/stm32cubeide/plugins/com.st.stm32cube.ide.mcu.externaltools.gnu-tools-for-stm32.10.3-2021.10.win32_1.0.100.202210260954/tools/bin/../lib/gcc/arm-none-eabi/10.3.1/../../../../arm-none-eabi/lib/thumb/v7e-m+fp/hard\libc_nano.a(lib_a-strcmp.o)
                              ./Core/Src/bluetooth.o (strcmp)
c:/st/stm32cubeide_1.9.0/stm32cubeide/plugins/com.st.stm32cube.ide.mcu.externaltools.gnu-tools-for-stm32.10.3-2021.10.win32_1.0.100.202210260954/tools/bin/../lib/gcc/arm-none-eabi/10.3.1/../../../../arm-none-eabi/lib/thumb/v7e-m+fp/hard\libc_nano.a(lib_a-strlen.o)
                              ./Core/Src/bluetooth.o (strlen)
[...]
Memory Configuration

Name             Origin             Length             Attributes
RAM              0x0000000020000000 0x0000000000020000 xrw
FLASH            0x0000000008000000 0x0000000000080000 xr
*default*        0x0000000000000000 0xffffffffffffffff

Linker script and memory map

LOAD c:/st/stm32cubeide_1.9.0/stm32cubeide/plugins/com.st.stm32cube.ide.mcu.externaltools.gnu-tools-for-stm32.10.3-2021.10.win32_1.0.100.202210260954/tools/bin/../lib/gcc/arm-none-eabi/10.3.1/thumb/v7e-m+fp/hard/crti.o
LOAD c:/st/stm32cubeide_1.9.0/stm32cubeide/plugins/com.st.stm32cube.ide.mcu.externaltools.gnu-tools-for-stm32.10.3-2021.10.win32_1.0.100.202210260954/tools/bin/../lib/gcc/arm-none-eabi/10.3.1/thumb/v7e-m+fp/hard/crtbegin.o
LOAD c:/st/stm32cubeide_1.9.0/stm32cubeide/plugins/com.st.stm32cube.ide.mcu.externaltools.gnu-tools-for-stm32.10.3-2021.10.win32_1.0.100.202210260954/tools/bin/../lib/gcc/arm-none-eabi/10.3.1/../../../../arm-none-eabi/lib/thumb/v7e-m+fp/hard/crt0.o
LOAD ./Core/Src/bluetooth.o
LOAD ./Core/Src/linesensor.o
LOAD ./Core/Src/main.o
LOAD ./Core/Src/motor.o
LOAD ./Core/Src/servo.o
LOAD ./Core/Src/stm32f4xx_hal_msp.o
LOAD ./Core/Src/stm32f4xx_it.o
LOAD ./Core/Src/system_stm32f4xx.o
LOAD ./Core/Startup/startup_stm32f446retx.o
LOAD ./Drivers/STM32F4xx_HAL_Driver/Src/stm32f4xx_hal.o
LOAD ./Drivers/STM32F4xx_HAL_Driver/Src/stm32f4xx_hal_adc.o
LOAD ./Drivers/STM32F4xx_HAL_Driver/Src/stm32f4xx_hal_adc_ex.o
LOAD ./Drivers/STM32F4xx_HAL_Driver/Src/stm32f4xx_hal_cortex.o
LOAD ./Drivers/STM32F4xx_HAL_Driver/Src/stm32f4xx_hal_dma.o
LOAD ./Drivers/STM32F4xx_HAL_Driver/Src/stm32f4xx_hal_dma_ex.o
LOAD ./Drivers/STM32F4xx_HAL_Driver/Src/stm32f4xx_hal_exti.o
LOAD ./Drivers/STM32F4xx_HAL_Driver/Src/stm32f4xx_hal_flash.o
LOAD ./Drivers/STM32F4xx_HAL_Driver/Src/stm32f4xx_hal_flash_ex.o
LOAD ./Drivers/STM32F4xx_HAL_Driver/Src/stm32f4xx_hal_flash_ramfunc.o
LOAD ./Drivers/STM32F4xx_HAL_Driver/Src/stm32f4xx_hal_gpio.o
LOAD ./Drivers/STM32F4xx_HAL_Driver/Src/stm32f4xx_hal_i2c.o
LOAD ./Drivers/STM32F4xx_HAL_Driver/Src/stm32f4xx_hal_i2c_ex.o
LOAD ./Drivers/STM32F4xx_HAL_Driver/Src/stm32f4xx_hal_pwr.o
LOAD ./Drivers/STM32F4xx_HAL_Driver/Src/stm32f4xx_hal_pwr_ex.o
LOAD ./Drivers/STM32F4xx_HAL_Driver/Src/stm32f4xx_hal_rcc.o
LOAD ./Drivers/STM32F4xx_HAL_Driver/Src/stm32f4xx_hal_rcc_ex.o
LOAD ./Drivers/STM32F4xx_HAL_Driver/Src/stm32f4xx_hal_spi.o
LOAD ./Drivers/STM32F4xx_HAL_Driver/Src/stm32f4xx_hal_tim.o
LOAD ./Drivers/STM32F4xx_HAL_Driver/Src/stm32f4xx_hal_tim_ex.o
LOAD ./Drivers/STM32F4xx_HAL_Driver/Src/stm32f4xx_hal_uart.o
LOAD ./Drivers/STM32F4xx_HAL_Driver/Src/stm32f4xx_ll_adc.o
LOAD ./Drivers/VL53L1X/core/src/vl53l1_api.o
LOAD ./Drivers/VL53L1X/core/src/vl53l1_api_calibration.o
LOAD ./Drivers/VL53L1X/core/src/vl53l1_api_core.o
LOAD ./Drivers/VL53L1X/core/src/vl53l1_api_debug.o
LOAD ./Drivers/VL53L1X/core/src/vl53l1_api_preset_modes.o
LOAD ./Drivers/VL53L1X/core/src/vl53l1_api_strings.o
LOAD ./Drivers/VL53L1X/core/src/vl53l1_core.o
LOAD ./Drivers/VL53L1X/core/src/vl53l1_core_support.o
LOAD ./Drivers/VL53L1X/core/src/vl53l1_error_strings.o
LOAD ./Drivers/VL53L1X/core/src/vl53l1_register_funcs.o
LOAD ./Drivers/VL53L1X/core/src/vl53l1_silicon_core.o
LOAD ./Drivers/VL53L1X/core/src/vl53l1_wait.o
LOAD ./Drivers/VL53L1X/platform/src/vl53l1_platform.o
LOAD ./Drivers/VL53L1X/platform/src/vl53l1_platform_log.o
START GROUP
LOAD c:/st/stm32cubeide_1.9.0/stm32cubeide/plugins/com.st.stm32cube.ide.mcu.externaltools.gnu-tools-for-stm32.10.3-2021.10.win32_1.0.100.202210260954/tools/bin/../lib/gcc/arm-none-eabi/10.3.1/../../../../arm-none-eabi/lib/thumb/v7e-m+fp/hard\libc_nano.a
LOAD c:/st/stm32cubeide_1.9.0/stm32cubeide/plugins/com.st.stm32cube.ide.mcu.externaltools.gnu-tools-for-stm32.10.3-2021.10.win32_1.0.100.202210260954/tools/bin/../lib/gcc/arm-none-eabi/10.3.1/../../../../arm-none-eabi/lib/thumb/v7e-m+fp/hard\libm.a
END GROUP
START GROUP
LOAD c:/st/stm32cubeide_1.9.0/stm32cubeide/plugins/com.st.stm32cube.ide.mcu.externaltools.gnu-tools-for-stm32.10.3-2021.10.win32_1.0.100.202210260954/tools/bin/../lib/gcc/arm-none-eabi/10.3.1/thumb/v7e-m+fp/hard\libgcc.a
LOAD c:/st/stm32cubeide_1.9.0/stm32cubeide/plugins/com.st.stm32cube.ide.mcu.externaltools.gnu-tools-for-stm32.10.3-2021.10.win32_1.0.100.202210260954/tools/bin/../lib/gcc/arm-none-eabi/10.3.1/../../../../arm-none-eabi/lib/thumb/v7e-m+fp/hard\libc_nano.a
END GROUP
START GROUP
LOAD c:/st/stm32cubeide_1.9.0/stm32cubeide/plugins/com.st.stm32cube.ide.mcu.externaltools.gnu-tools-for-stm32.10.3-2021.10.win32_1.0.100.202210260954/tools/bin/../lib/gcc/arm-none-eabi/10.3.1/thumb/v7e-m+fp/hard\libgcc.a
LOAD c:/st/stm32cubeide_1.9.0/stm32cubeide/plugins/com.st.stm32cube.ide.mcu.externaltools.gnu-tools-for-stm32.10.3-2021.10.win32_1.0.100.202210260954/tools/bin/../lib/gcc/arm-none-eabi/10.3.1/../../../../arm-none-eabi/lib/thumb/v7e-m+fp/hard\libc_nano.a
LOAD c:/st/stm32cubeide_1.9.0/stm32cubeide/plugins/com.st.stm32cube.ide.mcu.externaltools.gnu-tools-for-stm32.10.3-2021.10.win32_1.0.100.202210260954/tools/bin/../lib/gcc/arm-none-eabi/10.3.1/../../../../arm-none-eabi/lib/thumb/v7e-m+fp/hard\libnosys.a
END GROUP
START GROUP
LOAD c:/st/stm32cubeide_1.9.0/stm32cubeide/plugins/com.st.stm32cube.ide.mcu.externaltools.gnu-tools-for-stm32.10.3-2021.10.win32_1.0.100.202210260954/tools/bin/../lib/gcc/arm-none-eabi/10.3.1/thumb/v7e-m+fp/hard\libgcc.a
LOAD c:/st/stm32cubeide_1.9.0/stm32cubeide/plugins/com.st.stm32cube.ide.mcu.externaltools.gnu-tools-for-stm32.10.3-2021.10.win32_1.0.100.202210260954/tools/bin/../lib/gcc/arm-none-eabi/10.3.1/../../../../arm-none-eabi/lib/thumb/v7e-m+fp/hard\libc_nano.a
LOAD c:/st/stm32cubeide_1.9.0/stm32cubeide/plugins/com.st.stm32cube.ide.mcu.externaltools.gnu-tools-for-stm32.10.3-2021.10.win32_1.0.100.202210260954/tools/bin/../lib/gcc/arm-none-eabi/10.3.1/../../../../arm-none-eabi/lib/thumb/v7e-m+fp/hard\libnosys.a
END GROUP
LOAD c:/st/stm32cubeide_1.9.0/stm32cubeide/plugins/com.st.stm32cube.ide.mcu.externaltools.gnu-tools-for-stm32.10.3-2021.10.win32_1.0.100.202210260954/tools/bin/../lib/gcc/arm-none-eabi/10.3.1/thumb/v7e-m+fp/hard/crtend.o
LOAD c:/st/stm32cubeide_1.9.0/stm32cubeide/plugins/com.st.stm32cube.ide.mcu.externaltools.gnu-tools-for-stm32.10.3-2021.10.win32_1.0.100.202210260954/tools/bin/../lib/gcc/arm-none-eabi/10.3.1/thumb/v7e-m+fp/hard/crtn.o
                0x0000000020020000                _estack = (ORIGIN (RAM) + LENGTH (RAM))
                0x0000000000000200                _Min_Heap_Size = 0x200
                0x0000000000000400                _Min_Stack_Size = 0x400

.isr_vector     0x0000000008000000      0x1c4
                0x0000000008000000                . = ALIGN (0x4)
 *(.isr_vector)
 .isr_vector    0x0000000008000000      0x1c4 ./Core/Startup/startup_stm32f446retx.o
                0x0000000008000000                g_pfnVectors
                0x00000000080001c4                . = ALIGN (0x4)

.text           0x00000000080001d0    0x11e54
                0x00000000080001d0                . = ALIGN (0x4)
 *(.text)
 .text          0x00000000080001d0       0x40 c:/st/stm32cubeide_1.9.0/stm32cubeide/plugins/com.st.stm32cube.ide.mcu.externaltools.gnu-tools-for-stm32.10.3-2021.10.win32_1.0.100.202210260954/tools/bin/../lib/gcc/arm-none-eabi/10.3.1/thumb/v7e-m+fp/hard/crtbegin.o
 .text          0x0000000008000210       0x10 c:/st/stm32cubeide_1.9.0/stm32cubeide/plugins/com.st.stm32cube.ide.mcu.externaltools.gnu-tools-for-stm32.10.3-2021.10.win32_1.0.100.202210260954/tools/bin/../lib/gcc/arm-none-eabi/10.3.1/../../../../arm-none-eabi/lib/thumb/v7e-m+fp/hard\libc_nano.a(lib_a-strlen.o)
                0x0000000008000210                strlen
 .text          0x0000000008000220       0xa0 c:/st/stm32cubeide_1.9.0/stm32cubeide/plugins/com.st.stm32cube.ide.mcu.externaltools.gnu-tools-for-stm32.10.3-2021.10.win32_1.0.100.202210260954/tools/bin/../lib/gcc/arm-none-eabi/10.3.1/../../../../arm-none-eabi/lib/thumb/v7e-m+fp/hard\libc_nano.a(lib_a-memchr.o)
                0x0000000008000220                memchr
 .text          0x00000000080002c0      0x378 c:/st/stm32cubeide_1.9.0/stm32cubeide/plugins/com.st.stm32cube.ide.mcu.externaltools.gnu-tools-for-stm32.10.3-2021.10.win32_1.0.100.202210260954/tools/bin/../lib/gcc/arm-none-eabi/10.3.1/thumb/v7e-m+fp/hard\libgcc.a(_arm_addsubdf3.o)
                0x00000000080002c0                __aeabi_drsub
                0x00000000080002c8                __aeabi_dsub
                0x00000000080002c8                __subdf3
                0x00000000080002cc                __aeabi_dadd
                0x00000000080002cc                __adddf3
                0x0000000008000544                __floatunsidf
                0x0000000008000544                __aeabi_ui2d
                0x0000000008000564                __floatsidf
                0x0000000008000564                __aeabi_i2d
                0x0000000008000588                __aeabi_f2d
                0x0000000008000588                __extendsfdf2
                0x00000000080005cc                __floatundidf
                0x00000000080005cc                __aeabi_ul2d
                0x00000000080005dc                __floatdidf
                0x00000000080005dc                __aeabi_l2d
 .text          0x0000000008000638      0x424 c:/st/stm32cubeide_1.9.0/stm32cubeide/plugins/com.st.stm32cube.ide.mcu.externaltools.gnu-tools-for-stm32.10.3-2021.10.win32_1.0.100.202210260954/tools/bin/../lib/gcc/arm-none-eabi/10.3.1/thumb/v7e-m+fp/hard\libgcc.a(_arm_muldivdf3.o)
                0x0000000008000638                __aeabi_dmul
                0x0000000008000638                __muldf3
                0x000000000800088c                __divdf3
                0x000000000800088c                __aeabi_ddiv
 .text          0x0000000008000a5c      0x110 c:/st/stm32cubeide_1.9.0/stm32cubeide/plugins/com.st.stm32cube.ide.mcu.externaltools.gnu-tools-for-stm32.10.3-2021.10.win32_1.0.100.202210260954/tools/bin/../lib/gcc/arm-none-eabi/10.3.1/thumb/v7e-m+fp/hard\libgcc.a(_arm_cmpdf2.o)
                0x0000000008000a5c                __gtdf2
                0x0000000008000a5c                __gedf2
                0x0000000008000a64                __ltdf2
                0x0000000008000a64                __ledf2
                0x0000000008000a6c                __nedf2
                0x0000000008000a6c                __eqdf2
                0x0000000008000a6c                __cmpdf2
                0x0000000008000ae8                __aeabi_cdrcmple
                0x0000000008000af8                __aeabi_cdcmpeq
                0x0000000008000af8                __aeabi_cdcmple
                0x0000000008000b08                __aeabi_dcmpeq
                0x0000000008000b1c                __aeabi_dcmplt
                0x0000000008000b30                __aeabi_dcmple
                0x0000000008000b44                __aeabi_dcmpge
                0x0000000008000b58                __aeabi_dcmpgt
 .text          0x0000000008000b6c       0x2c c:/st/stm32cubeide_1.9.0/stm32cubeide/plugins/com.st.stm32cube.ide.mcu.externaltools.gnu-tools-for-stm32.10.3-2021.10.win32_1.0.100.202210260954/tools/bin/../lib/gcc/arm-none-eabi/10.3.1/thumb/v7e-m+fp/hard\libgcc.a(_arm_unorddf2.o)
                0x0000000008000b6c                __unorddf2
                0x0000000008000b6c                __aeabi_dcmpun
 .text          0x0000000008000b98       0x50 c:/st/stm32cubeide_1.9.0/stm32cubeide/plugins/com.st.stm32cube.ide.mcu.externaltools.gnu-tools-for-stm32.10.3-2021.10.win32_1.0.100.202210260954/tools/bin/../lib/gcc/arm-none-eabi/10.3.1/thumb/v7e-m+fp/hard\libgcc.a(_arm_fixdfsi.o)
                0x0000000008000b98                __aeabi_d2iz
                0x0000000008000b98                __fixdfsi
 .text          0x0000000008000be8       0xa0 c:/st/stm32cubeide_1.9.0/stm32cubeide/plugins/com.st.stm32cube.ide.mcu.externaltools.gnu-tools-for-stm32.10.3-2021.10.win32_1.0.100.202210260954/tools/bin/../lib/gcc/arm-none-eabi/10.3.1/thumb/v7e-m+fp/hard\libgcc.a(_arm_truncdfsf2.o)
                0x0000000008000be8                __truncdfsf2
                0x0000000008000be8                __aeabi_d2f
 .text          0x0000000008000c88       0x30 c:/st/stm32cubeide_1.9.0/stm32cubeide/plugins/com.st.stm32cube.ide.mcu.externaltools.gnu-tools-for-stm32.10.3-2021.10.win32_1.0.100.202210260954/tools/bin/../lib/gcc/arm-none-eabi/10.3.1/thumb/v7e-m+fp/hard\libgcc.a(_aeabi_uldivmod.o)
                0x0000000008000c88                __aeabi_uldivmod
 .text          0x0000000008000cb8      0x2d0 c:/st/stm32cubeide_1.9.0/stm32cubeide/plugins/com.st.stm32cube.ide.mcu.externaltools.gnu-tools-for-stm32.10.3-2021.10.win32_1.0.100.202210260954/tools/bin/../lib/gcc/arm-none-eabi/10.3.1/thumb/v7e-m+fp/hard\libgcc.a(_udivmoddi4.o)
                0x0000000008000cb8                __udivmoddi4
 .text          0x0000000008000f88        0x4 c:/st/stm32cubeide_1.9.0/stm32cubeide/plugins/com.st.stm32cube.ide.mcu.externaltools.gnu-tools-for-stm32.10.3-2021.10.win32_1.0.100.202210260954/tools/bin/../lib/gcc/arm-none-eabi/10.3.1/thumb/v7e-m+fp/hard\libgcc.a(_dvmd_tls.o)
                0x0000000008000f88                __aeabi_idiv0
                0x0000000008000f88                __aeabi_ldiv0
 *(.text*)
 .text.BT_TransmitMsg
                0x0000000008000f8c       0x28 ./Core/Src/bluetooth.o
                0x0000000008000f8c                BT_TransmitMsg
 .text.LS_LED_Light
                0x0000000008000fb4      0x140 ./Core/Src/linesensor.o
                0x0000000008000fb4                LS_LED_Light
 .text.LS_LED_Send
                0x00000000080010f4       0x54 ./Core/Src/linesensor.o
                0x00000000080010f4                LS_LED_Send
 .text.LS_INF_Send
                0x0000000008001148       0x54 ./Core/Src/linesensor.o
                0x0000000008001148                LS_INF_Send
 .text.LS_ADC_ChipSelect
                0x000000000800119c       0xa4 ./Core/Src/linesensor.o
                0x000000000800119c                LS_ADC_ChipSelect
 .text.LS_Holavonal_favago
                0x0000000008001240       0xdc ./Core/Src/linesensor.o
                0x0000000008001240                LS_Holavonal_favago
 .text.LineSensor_FrontAndBack
                0x000000000800131c      0x25c ./Core/Src/linesensor.o
                0x000000000800131c                LineSensor_FrontAndBack
 .text.LS_feedback_all
                0x0000000008001578       0x80 ./Core/Src/linesensor.o
                0x0000000008001578                LS_feedback_all
 .text.LS_delta_angle
                0x00000000080015f8       0x8c ./Core/Src/linesensor.o
                0x00000000080015f8                LS_delta_angle
 *fill*         0x0000000008001684        0x4 
 .text.LS_p     0x0000000008001688       0x5c ./Core/Src/linesensor.o
                0x0000000008001688                LS_p
 *fill*         0x00000000080016e4        0x4 
 .text.main     0x00000000080016e8      0x43c ./Core/Src/main.o
                0x00000000080016e8                main
 .text.SystemClock_Config
                0x0000000008001b24       0xe4 ./Core/Src/main.o
                0x0000000008001b24                SystemClock_Config
 .text.MX_ADC1_Init
                0x0000000008001c08       0xa4 ./Core/Src/main.o
 .text.MX_I2C1_Init
                0x0000000008001cac       0x5c ./Core/Src/main.o
 .text.MX_I2C2_Init
                0x0000000008001d08       0x5c ./Core/Src/main.o
 .text.MX_I2C3_Init
                0x0000000008001d64       0x5c ./Core/Src/main.o
 .text.MX_SPI1_Init
                0x0000000008001dc0       0x6c ./Core/Src/main.o
 .text.MX_SPI2_Init
                0x0000000008001e2c       0x6c ./Core/Src/main.o
 .text.MX_SPI3_Init
                0x0000000008001e98       0x70 ./Core/Src/main.o
 .text.MX_TIM2_Init
                0x0000000008001f08      0x100 ./Core/Src/main.o
 .text.MX_TIM3_Init
                0x0000000008002008       0xf4 ./Core/Src/main.o
 .text.MX_TIM4_Init
                0x00000000080020fc      0x124 ./Core/Src/main.o
 .text.MX_TIM5_Init
                0x0000000008002220       0xec ./Core/Src/main.o
 .text.MX_TIM7_Init
                0x000000000800230c       0x6c ./Core/Src/main.o
 .text.MX_TIM10_Init
                0x0000000008002378       0x48 ./Core/Src/main.o
 .text.MX_TIM13_Init
                0x00000000080023c0       0x9c ./Core/Src/main.o
 .text.MX_USART2_UART_Init
                0x000000000800245c       0x54 ./Core/Src/main.o
 .text.MX_USART6_UART_Init
                0x00000000080024b0       0x54 ./Core/Src/main.o
 .text.MX_GPIO_Init
                0x0000000008002504      0x1cc ./Core/Src/main.o
 .text.HAL_TIM_PeriodElapsedCallback
                0x00000000080026d0       0x6c ./Core/Src/main.o
                0x00000000080026d0                HAL_TIM_PeriodElapsedCallback
 .text.HAL_TIM_IC_CaptureCallback
                0x000000000800273c       0xb0 ./Core/Src/main.o
                0x000000000800273c                HAL_TIM_IC_CaptureCallback
 .text.Error_Handler
                0x00000000080027ec        0xa ./Core/Src/main.o
                0x00000000080027ec                Error_Handler
 .text.MotorDrive
                0x00000000080027f6       0x30 ./Core/Src/motor.o
                0x00000000080027f6                MotorDrive
 *fill*         0x0000000008002826        0x2 
 .text.ServoPosition
                0x0000000008002828       0xc0 ./Core/Src/servo.o
                0x0000000008002828                ServoPosition
 .text.SteeringAngle
                0x00000000080028e8       0xd4 ./Core/Src/servo.o
                0x00000000080028e8                SteeringAngle
 .text.HAL_MspInit
                0x00000000080029bc       0x50 ./Core/Src/stm32f4xx_hal_msp.o
                0x00000000080029bc                HAL_MspInit
 .text.HAL_ADC_MspInit
                0x0000000008002a0c       0x88 ./Core/Src/stm32f4xx_hal_msp.o
                0x0000000008002a0c                HAL_ADC_MspInit
 .text.HAL_I2C_MspInit
                0x0000000008002a94      0x1ac ./Core/Src/stm32f4xx_hal_msp.o
                0x0000000008002a94                HAL_I2C_MspInit
 .text.HAL_SPI_MspInit
                0x0000000008002c40      0x204 ./Core/Src/stm32f4xx_hal_msp.o
                0x0000000008002c40                HAL_SPI_MspInit
 .text.HAL_TIM_IC_MspInit
                0x0000000008002e44       0x9c ./Core/Src/stm32f4xx_hal_msp.o
                0x0000000008002e44                HAL_TIM_IC_MspInit
 .text.HAL_TIM_Base_MspInit
                0x0000000008002ee0      0x14c ./Core/Src/stm32f4xx_hal_msp.o
                0x0000000008002ee0                HAL_TIM_Base_MspInit
 .text.HAL_TIM_MspPostInit
                0x000000000800302c      0x15c ./Core/Src/stm32f4xx_hal_msp.o
                0x000000000800302c                HAL_TIM_MspPostInit
 .text.HAL_UART_MspInit
                0x0000000008003188       0xfc ./Core/Src/stm32f4xx_hal_msp.o
                0x0000000008003188                HAL_UART_MspInit
 .text.NMI_Handler
                0x0000000008003284        0x6 ./Core/Src/stm32f4xx_it.o
                0x0000000008003284                NMI_Handler
 .text.HardFault_Handler
                0x000000000800328a        0x6 ./Core/Src/stm32f4xx_it.o
                0x000000000800328a                HardFault_Handler
 .text.MemManage_Handler
                0x0000000008003290        0x6 ./Core/Src/stm32f4xx_it.o
                0x0000000008003290                MemManage_Handler
 .text.BusFault_Handler
                0x0000000008003296        0x6 ./Core/Src/stm32f4xx_it.o
                0x0000000008003296                BusFault_Handler
 .text.UsageFault_Handler
                0x000000000800329c        0x6 ./Core/Src/stm32f4xx_it.o
                0x000000000800329c                UsageFault_Handler
 .text.SVC_Handler
                0x00000000080032a2        0xe ./Core/Src/stm32f4xx_it.o
                0x00000000080032a2                SVC_Handler
 .text.DebugMon_Handler
                0x00000000080032b0        0xe ./Core/Src/stm32f4xx_it.o
                0x00000000080032b0                DebugMon_Handler
 .text.PendSV_Handler
                0x00000000080032be        0xe ./Core/Src/stm32f4xx_it.o
                0x00000000080032be                PendSV_Handler
 .text.SysTick_Handler
                0x00000000080032cc        0xc ./Core/Src/stm32f4xx_it.o
                0x00000000080032cc                SysTick_Handler
 .text.TIM1_UP_TIM10_IRQHandler
                0x00000000080032d8       0x14 ./Core/Src/stm32f4xx_it.o
                0x00000000080032d8                TIM1_UP_TIM10_IRQHandler
 .text.TIM2_IRQHandler
                0x00000000080032ec       0x14 ./Core/Src/stm32f4xx_it.o
                0x00000000080032ec                TIM2_IRQHandler
 .text.TIM5_IRQHandler
                0x0000000008003300       0x14 ./Core/Src/stm32f4xx_it.o
                0x0000000008003300                TIM5_IRQHandler
 .text.TIM7_IRQHandler
                0x0000000008003314       0x14 ./Core/Src/stm32f4xx_it.o
                0x0000000008003314                TIM7_IRQHandler
 .text.SystemInit
                0x0000000008003328       0x24 ./Core/Src/system_stm32f4xx.o
                0x0000000008003328                SystemInit
 .text.Reset_Handler
                0x000000000800334c       0x50 ./Core/Startup/startup_stm32f446retx.o
                0x000000000800334c                Reset_Handler
 .text.Default_Handler
                0x000000000800339c        0x2 ./Core/Startup/startup_stm32f446retx.o
                0x000000000800339c                RTC_Alarm_IRQHandler
                0x000000000800339c                EXTI2_IRQHandler
                0x000000000800339c                TIM8_CC_IRQHandler
                0x000000000800339c                FMPI2C1_EV_IRQHandler
                0x000000000800339c                SPI4_IRQHandler
                0x000000000800339c                TIM1_CC_IRQHandler
                0x000000000800339c                DMA2_Stream5_IRQHandler
                0x000000000800339c                DMA1_Stream5_IRQHandler
                0x000000000800339c                PVD_IRQHandler
                0x000000000800339c                SDIO_IRQHandler
                0x000000000800339c                TAMP_STAMP_IRQHandler
                0x000000000800339c                CAN2_RX1_IRQHandler
                0x000000000800339c                EXTI3_IRQHandler
                0x000000000800339c                TIM8_TRG_COM_TIM14_IRQHandler
                0x000000000800339c                TIM8_UP_TIM13_IRQHandler
                0x000000000800339c                I2C3_ER_IRQHandler
                0x000000000800339c                EXTI0_IRQHandler
                0x000000000800339c                I2C2_EV_IRQHandler
                0x000000000800339c                DMA1_Stream2_IRQHandler
                0x000000000800339c                CAN1_RX0_IRQHandler
                0x000000000800339c                FPU_IRQHandler
                0x000000000800339c                OTG_HS_WKUP_IRQHandler
                0x000000000800339c                CAN2_SCE_IRQHandler
                0x000000000800339c                DMA2_Stream2_IRQHandler
                0x000000000800339c                SPI1_IRQHandler
                0x000000000800339c                TIM6_DAC_IRQHandler
                0x000000000800339c                TIM1_BRK_TIM9_IRQHandler
                0x000000000800339c                DCMI_IRQHandler
                0x000000000800339c                CAN2_RX0_IRQHandler
                0x000000000800339c                DMA2_Stream3_IRQHandler
                0x000000000800339c                SAI2_IRQHandler
                0x000000000800339c                USART6_IRQHandler
                0x000000000800339c                USART3_IRQHandler
                0x000000000800339c                CAN1_RX1_IRQHandler
                0x000000000800339c                UART5_IRQHandler
                0x000000000800339c                DMA2_Stream0_IRQHandler
                0x000000000800339c                TIM4_IRQHandler
                0x000000000800339c                QUADSPI_IRQHandler
                0x000000000800339c                I2C1_EV_IRQHandler
                0x000000000800339c                DMA1_Stream6_IRQHandler
                0x000000000800339c                DMA1_Stream1_IRQHandler
                0x000000000800339c                UART4_IRQHandler
                0x000000000800339c                TIM3_IRQHandler
                0x000000000800339c                RCC_IRQHandler
                0x000000000800339c                TIM8_BRK_TIM12_IRQHandler
                0x000000000800339c                Default_Handler
                0x000000000800339c                CEC_IRQHandler
                0x000000000800339c                EXTI15_10_IRQHandler
                0x000000000800339c                ADC_IRQHandler
                0x000000000800339c                DMA1_Stream7_IRQHandler
                0x000000000800339c                CAN2_TX_IRQHandler
                0x000000000800339c                DMA2_Stream7_IRQHandler
                0x000000000800339c                I2C3_EV_IRQHandler
                0x000000000800339c                EXTI9_5_IRQHandler
                0x000000000800339c                RTC_WKUP_IRQHandler
                0x000000000800339c                SPDIF_RX_IRQHandler
                0x000000000800339c                SPI2_IRQHandler
                0x000000000800339c                OTG_HS_EP1_IN_IRQHandler
                0x000000000800339c                DMA1_Stream0_IRQHandler
                0x000000000800339c                CAN1_TX_IRQHandler
                0x000000000800339c                FMPI2C1_ER_IRQHandler
                0x000000000800339c                EXTI4_IRQHandler
                0x000000000800339c                OTG_HS_EP1_OUT_IRQHandler
                0x000000000800339c                WWDG_IRQHandler
                0x000000000800339c                OTG_FS_WKUP_IRQHandler
                0x000000000800339c                TIM1_TRG_COM_TIM11_IRQHandler
                0x000000000800339c                OTG_HS_IRQHandler
                0x000000000800339c                EXTI1_IRQHandler
                0x000000000800339c                USART2_IRQHandler
                0x000000000800339c                I2C2_ER_IRQHandler
                0x000000000800339c                DMA2_Stream1_IRQHandler
                0x000000000800339c                CAN1_SCE_IRQHandler
                0x000000000800339c                FLASH_IRQHandler
                0x000000000800339c                DMA2_Stream4_IRQHandler
                0x000000000800339c                USART1_IRQHandler
                0x000000000800339c                OTG_FS_IRQHandler
                0x000000000800339c                SPI3_IRQHandler
                0x000000000800339c                DMA1_Stream4_IRQHandler
                0x000000000800339c                I2C1_ER_IRQHandler
                0x000000000800339c                FMC_IRQHandler
                0x000000000800339c                DMA2_Stream6_IRQHandler
                0x000000000800339c                SAI1_IRQHandler
                0x000000000800339c                DMA1_Stream3_IRQHandler
 *fill*         0x000000000800339e        0x2 
 .text.HAL_Init
                0x00000000080033a0       0x44 ./Drivers/STM32F4xx_HAL_Driver/Src/stm32f4xx_hal.o
                0x00000000080033a0                HAL_Init
 .text.HAL_InitTick
                0x00000000080033e4       0x60 ./Drivers/STM32F4xx_HAL_Driver/Src/stm32f4xx_hal.o
                0x00000000080033e4                HAL_InitTick
 .text.HAL_IncTick
                0x0000000008003444       0x28 ./Drivers/STM32F4xx_HAL_Driver/Src/stm32f4xx_hal.o
                0x0000000008003444                HAL_IncTick
 .text.HAL_GetTick
                0x000000000800346c       0x18 ./Drivers/STM32F4xx_HAL_Driver/Src/stm32f4xx_hal.o
                0x000000000800346c                HAL_GetTick
 .text.HAL_Delay
                0x0000000008003484       0x48 ./Drivers/STM32F4xx_HAL_Driver/Src/stm32f4xx_hal.o
                0x0000000008003484                HAL_Delay
 .text.HAL_ADC_Init
                0x00000000080034cc       0x86 ./Drivers/STM32F4xx_HAL_Driver/Src/stm32f4xx_hal_adc.o
                0x00000000080034cc                HAL_ADC_Init
 *fill*         0x0000000008003552        0x2 
 .text.HAL_ADC_ConfigChannel
                0x0000000008003554      0x264 ./Drivers/STM32F4xx_HAL_Driver/Src/stm32f4xx_hal_adc.o
                0x0000000008003554                HAL_ADC_ConfigChannel
 .text.ADC_Init
                0x00000000080037b8      0x1f8 ./Drivers/STM32F4xx_HAL_Driver/Src/stm32f4xx_hal_adc.o
 .text.__NVIC_SetPriorityGrouping
                0x00000000080039b0       0x48 ./Drivers/STM32F4xx_HAL_Driver/Src/stm32f4xx_hal_cortex.o
 .text.__NVIC_GetPriorityGrouping
                0x00000000080039f8       0x1c ./Drivers/STM32F4xx_HAL_Driver/Src/stm32f4xx_hal_cortex.o
 .text.__NVIC_EnableIRQ
                0x0000000008003a14       0x3c ./Drivers/STM32F4xx_HAL_Driver/Src/stm32f4xx_hal_cortex.o
 .text.__NVIC_SetPriority
                0x0000000008003a50       0x54 ./Drivers/STM32F4xx_HAL_Driver/Src/stm32f4xx_hal_cortex.o
 .text.NVIC_EncodePriority
                0x0000000008003aa4       0x66 ./Drivers/STM32F4xx_HAL_Driver/Src/stm32f4xx_hal_cortex.o
 *fill*         0x0000000008003b0a        0x2 
 .text.SysTick_Config
                0x0000000008003b0c       0x44 ./Drivers/STM32F4xx_HAL_Driver/Src/stm32f4xx_hal_cortex.o
 .text.HAL_NVIC_SetPriorityGrouping
                0x0000000008003b50       0x16 ./Drivers/STM32F4xx_HAL_Driver/Src/stm32f4xx_hal_cortex.o
                0x0000000008003b50                HAL_NVIC_SetPriorityGrouping
 .text.HAL_NVIC_SetPriority
                0x0000000008003b66       0x38 ./Drivers/STM32F4xx_HAL_Driver/Src/stm32f4xx_hal_cortex.o
                0x0000000008003b66                HAL_NVIC_SetPriority
 .text.HAL_NVIC_EnableIRQ
                0x0000000008003b9e       0x1c ./Drivers/STM32F4xx_HAL_Driver/Src/stm32f4xx_hal_cortex.o
                0x0000000008003b9e                HAL_NVIC_EnableIRQ
 .text.HAL_SYSTICK_Config
                0x0000000008003bba       0x18 ./Drivers/STM32F4xx_HAL_Driver/Src/stm32f4xx_hal_cortex.o
                0x0000000008003bba                HAL_SYSTICK_Config
 *fill*         0x0000000008003bd2        0x2 
 .text.HAL_GPIO_Init
                0x0000000008003bd4      0x328 ./Drivers/STM32F4xx_HAL_Driver/Src/stm32f4xx_hal_gpio.o
                0x0000000008003bd4                HAL_GPIO_Init
 .text.HAL_GPIO_WritePin
                0x0000000008003efc       0x32 ./Drivers/STM32F4xx_HAL_Driver/Src/stm32f4xx_hal_gpio.o
                0x0000000008003efc                HAL_GPIO_WritePin
 *fill*         0x0000000008003f2e        0x2 
 .text.HAL_I2C_Init
                0x0000000008003f30      0x288 ./Drivers/STM32F4xx_HAL_Driver/Src/stm32f4xx_hal_i2c.o
                0x0000000008003f30                HAL_I2C_Init
 .text.HAL_I2C_Master_Transmit
                0x00000000080041b8      0x1fc ./Drivers/STM32F4xx_HAL_Driver/Src/stm32f4xx_hal_i2c.o
                0x00000000080041b8                HAL_I2C_Master_Transmit
 .text.HAL_I2C_Master_Receive
                0x00000000080043b4      0x44c ./Drivers/STM32F4xx_HAL_Driver/Src/stm32f4xx_hal_i2c.o
                0x00000000080043b4                HAL_I2C_Master_Receive
 .text.I2C_MasterRequestWrite
                0x0000000008004800      0x104 ./Drivers/STM32F4xx_HAL_Driver/Src/stm32f4xx_hal_i2c.o
 .text.I2C_MasterRequestRead
                0x0000000008004904      0x19c ./Drivers/STM32F4xx_HAL_Driver/Src/stm32f4xx_hal_i2c.o
 .text.I2C_WaitOnFlagUntilTimeout
                0x0000000008004aa0       0xae ./Drivers/STM32F4xx_HAL_Driver/Src/stm32f4xx_hal_i2c.o
 .text.I2C_WaitOnMasterAddressFlagUntilTimeout
                0x0000000008004b4e       0xfe ./Drivers/STM32F4xx_HAL_Driver/Src/stm32f4xx_hal_i2c.o
 .text.I2C_WaitOnTXEFlagUntilTimeout
                0x0000000008004c4c       0x82 ./Drivers/STM32F4xx_HAL_Driver/Src/stm32f4xx_hal_i2c.o
 .text.I2C_WaitOnBTFFlagUntilTimeout
                0x0000000008004cce       0x82 ./Drivers/STM32F4xx_HAL_Driver/Src/stm32f4xx_hal_i2c.o
 .text.I2C_WaitOnRXNEFlagUntilTimeout
                0x0000000008004d50       0xac ./Drivers/STM32F4xx_HAL_Driver/Src/stm32f4xx_hal_i2c.o
 .text.I2C_IsAcknowledgeFailed
                0x0000000008004dfc       0x5e ./Drivers/STM32F4xx_HAL_Driver/Src/stm32f4xx_hal_i2c.o
 *fill*         0x0000000008004e5a        0x2 
 .text.HAL_PWREx_EnableOverDrive
                0x0000000008004e5c       0xa0 ./Drivers/STM32F4xx_HAL_Driver/Src/stm32f4xx_hal_pwr_ex.o
                0x0000000008004e5c                HAL_PWREx_EnableOverDrive
 .text.HAL_RCC_ClockConfig
                0x0000000008004efc      0x1cc ./Drivers/STM32F4xx_HAL_Driver/Src/stm32f4xx_hal_rcc.o
                0x0000000008004efc                HAL_RCC_ClockConfig
 .text.HAL_RCC_GetHCLKFreq
                0x00000000080050c8       0x18 ./Drivers/STM32F4xx_HAL_Driver/Src/stm32f4xx_hal_rcc.o
                0x00000000080050c8                HAL_RCC_GetHCLKFreq
 .text.HAL_RCC_GetPCLK1Freq
                0x00000000080050e0       0x28 ./Drivers/STM32F4xx_HAL_Driver/Src/stm32f4xx_hal_rcc.o
                0x00000000080050e0                HAL_RCC_GetPCLK1Freq
 .text.HAL_RCC_GetPCLK2Freq
                0x0000000008005108       0x28 ./Drivers/STM32F4xx_HAL_Driver/Src/stm32f4xx_hal_rcc.o
                0x0000000008005108                HAL_RCC_GetPCLK2Freq
 .text.HAL_RCC_GetSysClockFreq
                0x0000000008005130      0x460 ./Drivers/STM32F4xx_HAL_Driver/Src/stm32f4xx_hal_rcc_ex.o
                0x0000000008005130                HAL_RCC_GetSysClockFreq
 .text.HAL_RCC_OscConfig
                0x0000000008005590      0x53c ./Drivers/STM32F4xx_HAL_Driver/Src/stm32f4xx_hal_rcc_ex.o
                0x0000000008005590                HAL_RCC_OscConfig
 .text.HAL_SPI_Init
                0x0000000008005acc      0x112 ./Drivers/STM32F4xx_HAL_Driver/Src/stm32f4xx_hal_spi.o
                0x0000000008005acc                HAL_SPI_Init
 .text.HAL_SPI_Transmit
                0x0000000008005bde      0x278 ./Drivers/STM32F4xx_HAL_Driver/Src/stm32f4xx_hal_spi.o
                0x0000000008005bde                HAL_SPI_Transmit
 .text.HAL_SPI_TransmitReceive
                0x0000000008005e56      0x344 ./Drivers/STM32F4xx_HAL_Driver/Src/stm32f4xx_hal_spi.o
                0x0000000008005e56                HAL_SPI_TransmitReceive
 *fill*         0x000000000800619a        0x2 
 .text.SPI_WaitFlagStateUntilTimeout
                0x000000000800619c      0x110 ./Drivers/STM32F4xx_HAL_Driver/Src/stm32f4xx_hal_spi.o
 .text.SPI_EndRxTxTransaction
                0x00000000080062ac       0x84 ./Drivers/STM32F4xx_HAL_Driver/Src/stm32f4xx_hal_spi.o
 .text.HAL_TIM_Base_Init
                0x0000000008006330       0x9e ./Drivers/STM32F4xx_HAL_Driver/Src/stm32f4xx_hal_tim.o
                0x0000000008006330                HAL_TIM_Base_Init
 *fill*         0x00000000080063ce        0x2 
 .text.HAL_TIM_Base_Start_IT
                0x00000000080063d0       0xe0 ./Drivers/STM32F4xx_HAL_Driver/Src/stm32f4xx_hal_tim.o
                0x00000000080063d0                HAL_TIM_Base_Start_IT
 .text.HAL_TIM_Base_Stop_IT
                0x00000000080064b0       0x5e ./Drivers/STM32F4xx_HAL_Driver/Src/stm32f4xx_hal_tim.o
                0x00000000080064b0                HAL_TIM_Base_Stop_IT
 .text.HAL_TIM_PWM_Init
                0x000000000800650e       0x9e ./Drivers/STM32F4xx_HAL_Driver/Src/stm32f4xx_hal_tim.o
                0x000000000800650e                HAL_TIM_PWM_Init
 .text.HAL_TIM_PWM_MspInit
                0x00000000080065ac       0x14 ./Drivers/STM32F4xx_HAL_Driver/Src/stm32f4xx_hal_tim.o
                0x00000000080065ac                HAL_TIM_PWM_MspInit
 .text.HAL_TIM_PWM_Start
                0x00000000080065c0      0x190 ./Drivers/STM32F4xx_HAL_Driver/Src/stm32f4xx_hal_tim.o
                0x00000000080065c0                HAL_TIM_PWM_Start
 .text.HAL_TIM_IC_Init
                0x0000000008006750       0x9e ./Drivers/STM32F4xx_HAL_Driver/Src/stm32f4xx_hal_tim.o
                0x0000000008006750                HAL_TIM_IC_Init
 *fill*         0x00000000080067ee        0x2 
 .text.HAL_TIM_IC_Start
                0x00000000080067f0      0x1b8 ./Drivers/STM32F4xx_HAL_Driver/Src/stm32f4xx_hal_tim.o
                0x00000000080067f0                HAL_TIM_IC_Start
 .text.HAL_TIM_IC_Start_IT
                0x00000000080069a8      0x250 ./Drivers/STM32F4xx_HAL_Driver/Src/stm32f4xx_hal_tim.o
                0x00000000080069a8                HAL_TIM_IC_Start_IT
 .text.HAL_TIM_IRQHandler
                0x0000000008006bf8      0x210 ./Drivers/STM32F4xx_HAL_Driver/Src/stm32f4xx_hal_tim.o
                0x0000000008006bf8                HAL_TIM_IRQHandler
 .text.HAL_TIM_IC_ConfigChannel
                0x0000000008006e08      0x138 ./Drivers/STM32F4xx_HAL_Driver/Src/stm32f4xx_hal_tim.o
                0x0000000008006e08                HAL_TIM_IC_ConfigChannel
 .text.HAL_TIM_PWM_ConfigChannel
                0x0000000008006f40      0x184 ./Drivers/STM32F4xx_HAL_Driver/Src/stm32f4xx_hal_tim.o
                0x0000000008006f40                HAL_TIM_PWM_ConfigChannel
 .text.HAL_TIM_ConfigClockSource
                0x00000000080070c4      0x18e ./Drivers/STM32F4xx_HAL_Driver/Src/stm32f4xx_hal_tim.o
                0x00000000080070c4                HAL_TIM_ConfigClockSource
 .text.HAL_TIM_SlaveConfigSynchro
                0x0000000008007252       0x84 ./Drivers/STM32F4xx_HAL_Driver/Src/stm32f4xx_hal_tim.o
                0x0000000008007252                HAL_TIM_SlaveConfigSynchro
 *fill*         0x00000000080072d6        0x2 
 .text.HAL_TIM_ReadCapturedValue
                0x00000000080072d8       0x88 ./Drivers/STM32F4xx_HAL_Driver/Src/stm32f4xx_hal_tim.o
                0x00000000080072d8                HAL_TIM_ReadCapturedValue
 .text.HAL_TIM_OC_DelayElapsedCallback
                0x0000000008007360       0x14 ./Drivers/STM32F4xx_HAL_Driver/Src/stm32f4xx_hal_tim.o
                0x0000000008007360                HAL_TIM_OC_DelayElapsedCallback
 .text.HAL_TIM_PWM_PulseFinishedCallback
                0x0000000008007374       0x14 ./Drivers/STM32F4xx_HAL_Driver/Src/stm32f4xx_hal_tim.o
                0x0000000008007374                HAL_TIM_PWM_PulseFinishedCallback
 .text.HAL_TIM_TriggerCallback
                0x0000000008007388       0x14 ./Drivers/STM32F4xx_HAL_Driver/Src/stm32f4xx_hal_tim.o
                0x0000000008007388                HAL_TIM_TriggerCallback
 .text.TIM_Base_SetConfig
                0x000000000800739c      0x140 ./Drivers/STM32F4xx_HAL_Driver/Src/stm32f4xx_hal_tim.o
                0x000000000800739c                TIM_Base_SetConfig
 .text.TIM_OC1_SetConfig
                0x00000000080074dc       0xe0 ./Drivers/STM32F4xx_HAL_Driver/Src/stm32f4xx_hal_tim.o
 .text.TIM_OC2_SetConfig
                0x00000000080075bc       0xec ./Drivers/STM32F4xx_HAL_Driver/Src/stm32f4xx_hal_tim.o
                0x00000000080075bc                TIM_OC2_SetConfig
 .text.TIM_OC3_SetConfig
                0x00000000080076a8       0xe8 ./Drivers/STM32F4xx_HAL_Driver/Src/stm32f4xx_hal_tim.o
 .text.TIM_OC4_SetConfig
                0x0000000008007790       0xac ./Drivers/STM32F4xx_HAL_Driver/Src/stm32f4xx_hal_tim.o
 .text.TIM_SlaveTimer_SetConfig
                0x000000000800783c      0x122 ./Drivers/STM32F4xx_HAL_Driver/Src/stm32f4xx_hal_tim.o
 *fill*         0x000000000800795e        0x2 
 .text.TIM_TI1_SetConfig
                0x0000000008007960       0xe8 ./Drivers/STM32F4xx_HAL_Driver/Src/stm32f4xx_hal_tim.o
                0x0000000008007960                TIM_TI1_SetConfig
 .text.TIM_TI1_ConfigInputStage
                0x0000000008007a48       0x5e ./Drivers/STM32F4xx_HAL_Driver/Src/stm32f4xx_hal_tim.o
 .text.TIM_TI2_SetConfig
                0x0000000008007aa6       0x7a ./Drivers/STM32F4xx_HAL_Driver/Src/stm32f4xx_hal_tim.o
 .text.TIM_TI2_ConfigInputStage
                0x0000000008007b20       0x60 ./Drivers/STM32F4xx_HAL_Driver/Src/stm32f4xx_hal_tim.o
 .text.TIM_TI3_SetConfig
                0x0000000008007b80       0x78 ./Drivers/STM32F4xx_HAL_Driver/Src/stm32f4xx_hal_tim.o
 .text.TIM_TI4_SetConfig
                0x0000000008007bf8       0x7a ./Drivers/STM32F4xx_HAL_Driver/Src/stm32f4xx_hal_tim.o
 .text.TIM_ITRx_SetConfig
                0x0000000008007c72       0x36 ./Drivers/STM32F4xx_HAL_Driver/Src/stm32f4xx_hal_tim.o
 .text.TIM_ETR_SetConfig
                0x0000000008007ca8       0x40 ./Drivers/STM32F4xx_HAL_Driver/Src/stm32f4xx_hal_tim.o
                0x0000000008007ca8                TIM_ETR_SetConfig
 .text.TIM_CCxChannelCmd
                0x0000000008007ce8       0x4a ./Drivers/STM32F4xx_HAL_Driver/Src/stm32f4xx_hal_tim.o
                0x0000000008007ce8                TIM_CCxChannelCmd
 *fill*         0x0000000008007d32        0x2 
 .text.HAL_TIMEx_MasterConfigSynchronization
                0x0000000008007d34       0xf8 ./Drivers/STM32F4xx_HAL_Driver/Src/stm32f4xx_hal_tim_ex.o
                0x0000000008007d34                HAL_TIMEx_MasterConfigSynchronization
 .text.HAL_TIMEx_CommutCallback
                0x0000000008007e2c       0x14 ./Drivers/STM32F4xx_HAL_Driver/Src/stm32f4xx_hal_tim_ex.o
                0x0000000008007e2c                HAL_TIMEx_CommutCallback
 .text.HAL_TIMEx_BreakCallback
                0x0000000008007e40       0x14 ./Drivers/STM32F4xx_HAL_Driver/Src/stm32f4xx_hal_tim_ex.o
                0x0000000008007e40                HAL_TIMEx_BreakCallback
 .text.HAL_UART_Init
                0x0000000008007e54       0x9a ./Drivers/STM32F4xx_HAL_Driver/Src/stm32f4xx_hal_uart.o
                0x0000000008007e54                HAL_UART_Init
 .text.HAL_UART_Transmit
                0x0000000008007eee      0x124 ./Drivers/STM32F4xx_HAL_Driver/Src/stm32f4xx_hal_uart.o
                0x0000000008007eee                HAL_UART_Transmit
 .text.UART_WaitOnFlagUntilTimeout
                0x0000000008008012       0xdc ./Drivers/STM32F4xx_HAL_Driver/Src/stm32f4xx_hal_uart.o
 *fill*         0x00000000080080ee        0x2 
 .text.UART_SetConfig
                0x00000000080080f0      0x4e8 ./Drivers/STM32F4xx_HAL_Driver/Src/stm32f4xx_hal_uart.o
 .text.VL53L1_DataInit
                0x00000000080085d8       0x72 ./Drivers/VL53L1X/core/src/vl53l1_api.o
                0x00000000080085d8                VL53L1_DataInit
 .text.VL53L1_StaticInit
                0x000000000800864a       0x3e ./Drivers/VL53L1X/core/src/vl53l1_api.o
                0x000000000800864a                VL53L1_StaticInit
 .text.VL53L1_WaitDeviceBooted
                0x0000000008008688       0x26 ./Drivers/VL53L1X/core/src/vl53l1_api.o
                0x0000000008008688                VL53L1_WaitDeviceBooted
 *fill*         0x00000000080086ae        0x2 
 .text.ComputeDevicePresetMode
                0x00000000080086b0       0xd0 ./Drivers/VL53L1X/core/src/vl53l1_api.o
 .text.SetPresetMode
                0x0000000008008780       0xde ./Drivers/VL53L1X/core/src/vl53l1_api.o
 .text.VL53L1_SetPresetMode
                0x000000000800885e       0x8a ./Drivers/VL53L1X/core/src/vl53l1_api.o
                0x000000000800885e                VL53L1_SetPresetMode
 .text.VL53L1_SetDistanceMode
                0x00000000080088e8       0xea ./Drivers/VL53L1X/core/src/vl53l1_api.o
                0x00000000080088e8                VL53L1_SetDistanceMode
 *fill*         0x00000000080089d2        0x2 
 .text.VL53L1_SetMeasurementTimingBudgetMicroSeconds
                0x00000000080089d4      0x1c0 ./Drivers/VL53L1X/core/src/vl53l1_api.o
                0x00000000080089d4                VL53L1_SetMeasurementTimingBudgetMicroSeconds
 .text.VL53L1_GetMeasurementTimingBudgetMicroSeconds
                0x0000000008008b94      0x158 ./Drivers/VL53L1X/core/src/vl53l1_api.o
                0x0000000008008b94                VL53L1_GetMeasurementTimingBudgetMicroSeconds
 .text.VL53L1_SetInterMeasurementPeriodMilliSeconds
                0x0000000008008cec       0x40 ./Drivers/VL53L1X/core/src/vl53l1_api.o
                0x0000000008008cec                VL53L1_SetInterMeasurementPeriodMilliSeconds
 .text.VL53L1_GetInterMeasurementPeriodMilliSeconds
                0x0000000008008d2c       0x48 ./Drivers/VL53L1X/core/src/vl53l1_api.o
                0x0000000008008d2c                VL53L1_GetInterMeasurementPeriodMilliSeconds
 .text.SetLimitValue
                0x0000000008008d74       0x52 ./Drivers/VL53L1X/core/src/vl53l1_api.o
 .text.VL53L1_SetLimitCheckEnable
                0x0000000008008dc6       0x7c ./Drivers/VL53L1X/core/src/vl53l1_api.o
                0x0000000008008dc6                VL53L1_SetLimitCheckEnable
 .text.VL53L1_GetLimitCheckEnable
                0x0000000008008e42       0x46 ./Drivers/VL53L1X/core/src/vl53l1_api.o
                0x0000000008008e42                VL53L1_GetLimitCheckEnable
 .text.VL53L1_GetLimitCheckValue
                0x0000000008008e88       0xb2 ./Drivers/VL53L1X/core/src/vl53l1_api.o
                0x0000000008008e88                VL53L1_GetLimitCheckValue
 .text.VL53L1_GetSequenceStepEnable
                0x0000000008008f3a       0x2e ./Drivers/VL53L1X/core/src/vl53l1_api.o
                0x0000000008008f3a                VL53L1_GetSequenceStepEnable
 .text.VL53L1_StartMeasurement
                0x0000000008008f68       0xd8 ./Drivers/VL53L1X/core/src/vl53l1_api.o
                0x0000000008008f68                VL53L1_StartMeasurement
 .text.VL53L1_ClearInterruptAndStartMeasurement
                0x0000000008009040       0x2c ./Drivers/VL53L1X/core/src/vl53l1_api.o
                0x0000000008009040                VL53L1_ClearInterruptAndStartMeasurement
 .text.VL53L1_GetMeasurementDataReady
                0x000000000800906c       0x26 ./Drivers/VL53L1X/core/src/vl53l1_api.o
                0x000000000800906c                VL53L1_GetMeasurementDataReady
 *fill*         0x0000000008009092        0x2 
 .text.ComputeRQL
                0x0000000008009094       0xf0 ./Drivers/VL53L1X/core/src/vl53l1_api.o
 .text.ConvertStatusLite
                0x0000000008009184       0xa0 ./Drivers/VL53L1X/core/src/vl53l1_api.o
 .text.SetSimpleData
                0x0000000008009224      0x1c0 ./Drivers/VL53L1X/core/src/vl53l1_api.o
 .text.VL53L1_GetRangingMeasurementData
                0x00000000080093e4       0x78 ./Drivers/VL53L1X/core/src/vl53l1_api.o
                0x00000000080093e4                VL53L1_GetRangingMeasurementData
 .text.VL53L1_LoadPatch
                0x000000000800945c      0x250 ./Drivers/VL53L1X/core/src/vl53l1_api.o
 .text.VL53L1_data_init
                0x00000000080096ac      0x13a ./Drivers/VL53L1X/core/src/vl53l1_api_core.o
                0x00000000080096ac                VL53L1_data_init
 .text.VL53L1_read_p2p_data
                0x00000000080097e6      0x100 ./Drivers/VL53L1X/core/src/vl53l1_api_core.o
                0x00000000080097e6                VL53L1_read_p2p_data
 .text.VL53L1_set_inter_measurement_period_ms
                0x00000000080098e6       0x52 ./Drivers/VL53L1X/core/src/vl53l1_api_core.o
                0x00000000080098e6                VL53L1_set_inter_measurement_period_ms
 .text.VL53L1_get_inter_measurement_period_ms
                0x0000000008009938       0x4c ./Drivers/VL53L1X/core/src/vl53l1_api_core.o
                0x0000000008009938                VL53L1_get_inter_measurement_period_ms
 .text.VL53L1_set_timeouts_us
                0x0000000008009984       0x70 ./Drivers/VL53L1X/core/src/vl53l1_api_core.o
                0x0000000008009984                VL53L1_set_timeouts_us
 .text.VL53L1_get_timeouts_us
                0x00000000080099f4       0xd6 ./Drivers/VL53L1X/core/src/vl53l1_api_core.o
                0x00000000080099f4                VL53L1_get_timeouts_us
 .text.VL53L1_get_sequence_config_bit
                0x0000000008009aca       0x6e ./Drivers/VL53L1X/core/src/vl53l1_api_core.o
                0x0000000008009aca                VL53L1_get_sequence_config_bit
 .text.VL53L1_set_user_zone
                0x0000000008009b38       0x46 ./Drivers/VL53L1X/core/src/vl53l1_api_core.o
                0x0000000008009b38                VL53L1_set_user_zone
 .text.VL53L1_get_user_zone
                0x0000000008009b7e       0x44 ./Drivers/VL53L1X/core/src/vl53l1_api_core.o
                0x0000000008009b7e                VL53L1_get_user_zone
 .text.VL53L1_get_mode_mitigation_roi
                0x0000000008009bc2       0x68 ./Drivers/VL53L1X/core/src/vl53l1_api_core.o
                0x0000000008009bc2                VL53L1_get_mode_mitigation_roi
 *fill*         0x0000000008009c2a        0x2 
 .text.VL53L1_get_preset_mode_timing_cfg
                0x0000000008009c2c      0x154 ./Drivers/VL53L1X/core/src/vl53l1_api_core.o
                0x0000000008009c2c                VL53L1_get_preset_mode_timing_cfg
 .text.VL53L1_set_preset_mode
                0x0000000008009d80      0x2ec ./Drivers/VL53L1X/core/src/vl53l1_api_core.o
                0x0000000008009d80                VL53L1_set_preset_mode
 .text.VL53L1_get_lite_sigma_threshold
                0x000000000800a06c       0x2c ./Drivers/VL53L1X/core/src/vl53l1_api_core.o
                0x000000000800a06c                VL53L1_get_lite_sigma_threshold
 .text.VL53L1_set_lite_sigma_threshold
                0x000000000800a098       0x2c ./Drivers/VL53L1X/core/src/vl53l1_api_core.o
                0x000000000800a098                VL53L1_set_lite_sigma_threshold
 .text.VL53L1_get_lite_min_count_rate
                0x000000000800a0c4       0x2c ./Drivers/VL53L1X/core/src/vl53l1_api_core.o
                0x000000000800a0c4                VL53L1_get_lite_min_count_rate
 .text.VL53L1_set_lite_min_count_rate
                0x000000000800a0f0       0x2c ./Drivers/VL53L1X/core/src/vl53l1_api_core.o
                0x000000000800a0f0                VL53L1_set_lite_min_count_rate
 .text.VL53L1_set_vhv_loopbound
                0x000000000800a11c       0x40 ./Drivers/VL53L1X/core/src/vl53l1_api_core.o
                0x000000000800a11c                VL53L1_set_vhv_loopbound
 .text.VL53L1_init_and_start_range
                0x000000000800a15c      0x4c4 ./Drivers/VL53L1X/core/src/vl53l1_api_core.o
                0x000000000800a15c                VL53L1_init_and_start_range
 .text.VL53L1_get_measurement_results
                0x000000000800a620      0x178 ./Drivers/VL53L1X/core/src/vl53l1_api_core.o
                0x000000000800a620                VL53L1_get_measurement_results
 .text.VL53L1_get_device_results
                0x000000000800a798       0xe0 ./Drivers/VL53L1X/core/src/vl53l1_api_core.o
                0x000000000800a798                VL53L1_get_device_results
 .text.VL53L1_clear_interrupt_and_enable_next_range
                0x000000000800a878       0x34 ./Drivers/VL53L1X/core/src/vl53l1_api_core.o
                0x000000000800a878                VL53L1_clear_interrupt_and_enable_next_range
 .text.VL53L1_copy_sys_and_core_results_to_range_results
                0x000000000800a8ac      0x234 ./Drivers/VL53L1X/core/src/vl53l1_api_core.o
                0x000000000800a8ac                VL53L1_copy_sys_and_core_results_to_range_results
 .text.VL53L1_get_tuning_parm
                0x000000000800aae0      0x448 ./Drivers/VL53L1X/core/src/vl53l1_api_core.o
                0x000000000800aae0                VL53L1_get_tuning_parm
 .text.VL53L1_init_refspadchar_config_struct
                0x000000000800af28       0x48 ./Drivers/VL53L1X/core/src/vl53l1_api_preset_modes.o
                0x000000000800af28                VL53L1_init_refspadchar_config_struct
 .text.VL53L1_init_ssc_config_struct
                0x000000000800af70       0x42 ./Drivers/VL53L1X/core/src/vl53l1_api_preset_modes.o
                0x000000000800af70                VL53L1_init_ssc_config_struct
 .text.VL53L1_init_xtalk_config_struct
                0x000000000800afb2       0xc4 ./Drivers/VL53L1X/core/src/vl53l1_api_preset_modes.o
                0x000000000800afb2                VL53L1_init_xtalk_config_struct
 .text.VL53L1_init_offset_cal_config_struct
                0x000000000800b076       0x4e ./Drivers/VL53L1X/core/src/vl53l1_api_preset_modes.o
                0x000000000800b076                VL53L1_init_offset_cal_config_struct
 .text.VL53L1_init_tuning_parm_storage_struct
                0x000000000800b0c4      0x11e ./Drivers/VL53L1X/core/src/vl53l1_api_preset_modes.o
                0x000000000800b0c4                VL53L1_init_tuning_parm_storage_struct
 .text.VL53L1_preset_mode_standard_ranging
                0x000000000800b1e2      0x23c ./Drivers/VL53L1X/core/src/vl53l1_api_preset_modes.o
                0x000000000800b1e2                VL53L1_preset_mode_standard_ranging
 .text.VL53L1_preset_mode_standard_ranging_short_range
                0x000000000800b41e       0x82 ./Drivers/VL53L1X/core/src/vl53l1_api_preset_modes.o
                0x000000000800b41e                VL53L1_preset_mode_standard_ranging_short_range
 .text.VL53L1_preset_mode_standard_ranging_long_range
                0x000000000800b4a0       0x82 ./Drivers/VL53L1X/core/src/vl53l1_api_preset_modes.o
                0x000000000800b4a0                VL53L1_preset_mode_standard_ranging_long_range
 .text.VL53L1_preset_mode_standard_ranging_mm1_cal
                0x000000000800b522       0x4a ./Drivers/VL53L1X/core/src/vl53l1_api_preset_modes.o
                0x000000000800b522                VL53L1_preset_mode_standard_ranging_mm1_cal
 .text.VL53L1_preset_mode_standard_ranging_mm2_cal
                0x000000000800b56c       0x4a ./Drivers/VL53L1X/core/src/vl53l1_api_preset_modes.o
                0x000000000800b56c                VL53L1_preset_mode_standard_ranging_mm2_cal
 .text.VL53L1_preset_mode_timed_ranging
                0x000000000800b5b6       0x74 ./Drivers/VL53L1X/core/src/vl53l1_api_preset_modes.o
                0x000000000800b5b6                VL53L1_preset_mode_timed_ranging
 .text.VL53L1_preset_mode_timed_ranging_short_range
                0x000000000800b62a       0x74 ./Drivers/VL53L1X/core/src/vl53l1_api_preset_modes.o
                0x000000000800b62a                VL53L1_preset_mode_timed_ranging_short_range
 .text.VL53L1_preset_mode_timed_ranging_long_range
                0x000000000800b69e       0x74 ./Drivers/VL53L1X/core/src/vl53l1_api_preset_modes.o
                0x000000000800b69e                VL53L1_preset_mode_timed_ranging_long_range
 .text.VL53L1_preset_mode_low_power_auto_ranging
                0x000000000800b712       0x4c ./Drivers/VL53L1X/core/src/vl53l1_api_preset_modes.o
                0x000000000800b712                VL53L1_preset_mode_low_power_auto_ranging
 .text.VL53L1_preset_mode_low_power_auto_short_ranging
                0x000000000800b75e       0x4c ./Drivers/VL53L1X/core/src/vl53l1_api_preset_modes.o
                0x000000000800b75e                VL53L1_preset_mode_low_power_auto_short_ranging
 .text.VL53L1_preset_mode_low_power_auto_long_ranging
                0x000000000800b7aa       0x4c ./Drivers/VL53L1X/core/src/vl53l1_api_preset_modes.o
                0x000000000800b7aa                VL53L1_preset_mode_low_power_auto_long_ranging
 .text.VL53L1_preset_mode_singleshot_ranging
                0x000000000800b7f6       0x6c ./Drivers/VL53L1X/core/src/vl53l1_api_preset_modes.o
                0x000000000800b7f6                VL53L1_preset_mode_singleshot_ranging
 .text.VL53L1_preset_mode_olt
                0x000000000800b862       0x44 ./Drivers/VL53L1X/core/src/vl53l1_api_preset_modes.o
                0x000000000800b862                VL53L1_preset_mode_olt
 .text.VL53L1_init_version
                0x000000000800b8a6       0x38 ./Drivers/VL53L1X/core/src/vl53l1_core.o
                0x000000000800b8a6                VL53L1_init_version
 .text.VL53L1_init_ll_driver_state
                0x000000000800b8de       0x52 ./Drivers/VL53L1X/core/src/vl53l1_core.o
                0x000000000800b8de                VL53L1_init_ll_driver_state
 .text.VL53L1_update_ll_driver_rd_state
                0x000000000800b930      0x110 ./Drivers/VL53L1X/core/src/vl53l1_core.o
                0x000000000800b930                VL53L1_update_ll_driver_rd_state
 .text.VL53L1_check_ll_driver_rd_state
                0x000000000800ba40       0x96 ./Drivers/VL53L1X/core/src/vl53l1_core.o
                0x000000000800ba40                VL53L1_check_ll_driver_rd_state
 .text.VL53L1_update_ll_driver_cfg_state
                0x000000000800bad6       0xcc ./Drivers/VL53L1X/core/src/vl53l1_core.o
                0x000000000800bad6                VL53L1_update_ll_driver_cfg_state
 .text.VL53L1_copy_rtn_good_spads_to_buffer
                0x000000000800bba2      0x174 ./Drivers/VL53L1X/core/src/vl53l1_core.o
                0x000000000800bba2                VL53L1_copy_rtn_good_spads_to_buffer
 .text.VL53L1_i2c_encode_uint16_t
                0x000000000800bd16       0x56 ./Drivers/VL53L1X/core/src/vl53l1_core.o
                0x000000000800bd16                VL53L1_i2c_encode_uint16_t
 .text.VL53L1_i2c_decode_uint16_t
                0x000000000800bd6c       0x40 ./Drivers/VL53L1X/core/src/vl53l1_core.o
                0x000000000800bd6c                VL53L1_i2c_decode_uint16_t
 .text.VL53L1_i2c_encode_int16_t
                0x000000000800bdac       0x58 ./Drivers/VL53L1X/core/src/vl53l1_core.o
                0x000000000800bdac                VL53L1_i2c_encode_int16_t
 .text.VL53L1_i2c_decode_int16_t
                0x000000000800be04       0x52 ./Drivers/VL53L1X/core/src/vl53l1_core.o
                0x000000000800be04                VL53L1_i2c_decode_int16_t
 .text.VL53L1_i2c_encode_uint32_t
                0x000000000800be56       0x54 ./Drivers/VL53L1X/core/src/vl53l1_core.o
                0x000000000800be56                VL53L1_i2c_encode_uint32_t
 .text.VL53L1_i2c_decode_uint32_t
                0x000000000800beaa       0x3a ./Drivers/VL53L1X/core/src/vl53l1_core.o
                0x000000000800beaa                VL53L1_i2c_decode_uint32_t
 .text.VL53L1_i2c_decode_int32_t
                0x000000000800bee4       0x4a ./Drivers/VL53L1X/core/src/vl53l1_core.o
                0x000000000800bee4                VL53L1_i2c_decode_int32_t
 .text.VL53L1_set_powerforce_register
                0x000000000800bf2e       0x3c ./Drivers/VL53L1X/core/src/vl53l1_core.o
                0x000000000800bf2e                VL53L1_set_powerforce_register
 .text.VL53L1_enable_powerforce
                0x000000000800bf6a       0x24 ./Drivers/VL53L1X/core/src/vl53l1_core.o
                0x000000000800bf6a                VL53L1_enable_powerforce
 .text.VL53L1_calc_macro_period_us
                0x000000000800bf8e       0x5e ./Drivers/VL53L1X/core/src/vl53l1_core.o
                0x000000000800bf8e                VL53L1_calc_macro_period_us
 .text.VL53L1_calc_range_ignore_threshold
                0x000000000800bfec       0xc4 ./Drivers/VL53L1X/core/src/vl53l1_core.o
                0x000000000800bfec                VL53L1_calc_range_ignore_threshold
 .text.VL53L1_calc_timeout_mclks
                0x000000000800c0b0       0x2e ./Drivers/VL53L1X/core/src/vl53l1_core.o
                0x000000000800c0b0                VL53L1_calc_timeout_mclks
 .text.VL53L1_calc_encoded_timeout
                0x000000000800c0de       0x30 ./Drivers/VL53L1X/core/src/vl53l1_core.o
                0x000000000800c0de                VL53L1_calc_encoded_timeout
 .text.VL53L1_calc_timeout_us
                0x000000000800c10e       0x80 ./Drivers/VL53L1X/core/src/vl53l1_core.o
                0x000000000800c10e                VL53L1_calc_timeout_us
 .text.VL53L1_calc_decoded_timeout_us
                0x000000000800c18e       0x32 ./Drivers/VL53L1X/core/src/vl53l1_core.o
                0x000000000800c18e                VL53L1_calc_decoded_timeout_us
 .text.VL53L1_encode_timeout
                0x000000000800c1c0       0x58 ./Drivers/VL53L1X/core/src/vl53l1_core.o
                0x000000000800c1c0                VL53L1_encode_timeout
 .text.VL53L1_decode_timeout
                0x000000000800c218       0x2c ./Drivers/VL53L1X/core/src/vl53l1_core.o
                0x000000000800c218                VL53L1_decode_timeout
 .text.VL53L1_calc_timeout_register_values
                0x000000000800c244       0xf2 ./Drivers/VL53L1X/core/src/vl53l1_core.o
                0x000000000800c244                VL53L1_calc_timeout_register_values
 .text.VL53L1_encode_row_col
                0x000000000800c336       0x4e ./Drivers/VL53L1X/core/src/vl53l1_core.o
                0x000000000800c336                VL53L1_encode_row_col
 .text.VL53L1_decode_zone_size
                0x000000000800c384       0x30 ./Drivers/VL53L1X/core/src/vl53l1_core.o
                0x000000000800c384                VL53L1_decode_zone_size
 .text.VL53L1_encode_zone_size
                0x000000000800c3b4       0x2c ./Drivers/VL53L1X/core/src/vl53l1_core.o
                0x000000000800c3b4                VL53L1_encode_zone_size
 .text.VL53L1_low_power_auto_data_init
                0x000000000800c3e0       0x68 ./Drivers/VL53L1X/core/src/vl53l1_core.o
                0x000000000800c3e0                VL53L1_low_power_auto_data_init
 .text.VL53L1_config_low_power_auto_mode
                0x000000000800c448       0x32 ./Drivers/VL53L1X/core/src/vl53l1_core.o
                0x000000000800c448                VL53L1_config_low_power_auto_mode
 .text.VL53L1_low_power_auto_setup_manual_calibration
                0x000000000800c47a       0x8a ./Drivers/VL53L1X/core/src/vl53l1_core.o
                0x000000000800c47a                VL53L1_low_power_auto_setup_manual_calibration
 .text.VL53L1_calc_pll_period_us
                0x000000000800c504       0x28 ./Drivers/VL53L1X/core/src/vl53l1_core_support.o
                0x000000000800c504                VL53L1_calc_pll_period_us
 .text.VL53L1_decode_vcsel_period
                0x000000000800c52c       0x26 ./Drivers/VL53L1X/core/src/vl53l1_core_support.o
                0x000000000800c52c                VL53L1_decode_vcsel_period
 .text.VL53L1_decode_row_col
                0x000000000800c552       0x5e ./Drivers/VL53L1X/core/src/vl53l1_core_support.o
                0x000000000800c552                VL53L1_decode_row_col
 .text.VL53L1_i2c_encode_static_nvm_managed
                0x000000000800c5b0       0xb6 ./Drivers/VL53L1X/core/src/vl53l1_register_funcs.o
                0x000000000800c5b0                VL53L1_i2c_encode_static_nvm_managed
 .text.VL53L1_i2c_decode_static_nvm_managed
                0x000000000800c666       0xb4 ./Drivers/VL53L1X/core/src/vl53l1_register_funcs.o
                0x000000000800c666                VL53L1_i2c_decode_static_nvm_managed
 .text.VL53L1_get_static_nvm_managed
                0x000000000800c71a       0x4e ./Drivers/VL53L1X/core/src/vl53l1_register_funcs.o
                0x000000000800c71a                VL53L1_get_static_nvm_managed
 .text.VL53L1_i2c_encode_customer_nvm_managed
                0x000000000800c768      0x114 ./Drivers/VL53L1X/core/src/vl53l1_register_funcs.o
                0x000000000800c768                VL53L1_i2c_encode_customer_nvm_managed
 .text.VL53L1_i2c_decode_customer_nvm_managed
                0x000000000800c87c      0x11a ./Drivers/VL53L1X/core/src/vl53l1_register_funcs.o
                0x000000000800c87c                VL53L1_i2c_decode_customer_nvm_managed
 .text.VL53L1_get_customer_nvm_managed
                0x000000000800c996       0x4e ./Drivers/VL53L1X/core/src/vl53l1_register_funcs.o
                0x000000000800c996                VL53L1_get_customer_nvm_managed
 .text.VL53L1_i2c_encode_static_config
                0x000000000800c9e4      0x1c6 ./Drivers/VL53L1X/core/src/vl53l1_register_funcs.o
                0x000000000800c9e4                VL53L1_i2c_encode_static_config
 .text.VL53L1_i2c_encode_general_config
                0x000000000800cbaa      0x108 ./Drivers/VL53L1X/core/src/vl53l1_register_funcs.o
                0x000000000800cbaa                VL53L1_i2c_encode_general_config
 .text.VL53L1_i2c_encode_timing_config
                0x000000000800ccb2      0x104 ./Drivers/VL53L1X/core/src/vl53l1_register_funcs.o
                0x000000000800ccb2                VL53L1_i2c_encode_timing_config
 .text.VL53L1_i2c_encode_dynamic_config
                0x000000000800cdb6      0x10a ./Drivers/VL53L1X/core/src/vl53l1_register_funcs.o
                0x000000000800cdb6                VL53L1_i2c_encode_dynamic_config
 .text.VL53L1_i2c_encode_system_control
                0x000000000800cec0       0x76 ./Drivers/VL53L1X/core/src/vl53l1_register_funcs.o
                0x000000000800cec0                VL53L1_i2c_encode_system_control
 .text.VL53L1_i2c_decode_system_results
                0x000000000800cf36      0x1ec ./Drivers/VL53L1X/core/src/vl53l1_register_funcs.o
                0x000000000800cf36                VL53L1_i2c_decode_system_results
 .text.VL53L1_i2c_decode_core_results
                0x000000000800d122       0xc2 ./Drivers/VL53L1X/core/src/vl53l1_register_funcs.o
                0x000000000800d122                VL53L1_i2c_decode_core_results
 .text.VL53L1_i2c_decode_debug_results
                0x000000000800d1e4      0x2e4 ./Drivers/VL53L1X/core/src/vl53l1_register_funcs.o
                0x000000000800d1e4                VL53L1_i2c_decode_debug_results
 .text.VL53L1_i2c_decode_nvm_copy_data
                0x000000000800d4c8      0x24c ./Drivers/VL53L1X/core/src/vl53l1_register_funcs.o
                0x000000000800d4c8                VL53L1_i2c_decode_nvm_copy_data
 .text.VL53L1_get_nvm_copy_data
                0x000000000800d714       0x56 ./Drivers/VL53L1X/core/src/vl53l1_register_funcs.o
                0x000000000800d714                VL53L1_get_nvm_copy_data
 .text.VL53L1_is_new_data_ready
                0x000000000800d76a       0x72 ./Drivers/VL53L1X/core/src/vl53l1_wait.o
                0x000000000800d76a                VL53L1_is_new_data_ready
 .text.VL53L1_poll_for_boot_completion
                0x000000000800d7dc       0x58 ./Drivers/VL53L1X/core/src/vl53l1_wait.o
                0x000000000800d7dc                VL53L1_poll_for_boot_completion
 .text._I2CWrite
                0x000000000800d834       0x3e ./Drivers/VL53L1X/platform/src/vl53l1_platform.o
                0x000000000800d834                _I2CWrite
 .text._I2CRead
                0x000000000800d872       0x44 ./Drivers/VL53L1X/platform/src/vl53l1_platform.o
                0x000000000800d872                _I2CRead
 *fill*         0x000000000800d8b6        0x2 
 .text.VL53L1_WriteMulti
                0x000000000800d8b8       0x6c ./Drivers/VL53L1X/platform/src/vl53l1_platform.o
                0x000000000800d8b8                VL53L1_WriteMulti
 .text.VL53L1_ReadMulti
                0x000000000800d924       0x6c ./Drivers/VL53L1X/platform/src/vl53l1_platform.o
                0x000000000800d924                VL53L1_ReadMulti
 .text.VL53L1_WrByte
                0x000000000800d990       0x54 ./Drivers/VL53L1X/platform/src/vl53l1_platform.o
                0x000000000800d990                VL53L1_WrByte
 .text.VL53L1_RdByte
                0x000000000800d9e4       0x68 ./Drivers/VL53L1X/platform/src/vl53l1_platform.o
                0x000000000800d9e4                VL53L1_RdByte
 .text.VL53L1_RdWord
                0x000000000800da4c       0x80 ./Drivers/VL53L1X/platform/src/vl53l1_platform.o
                0x000000000800da4c                VL53L1_RdWord
 .text.VL53L1_GetTickCount
                0x000000000800dacc       0x22 ./Drivers/VL53L1X/platform/src/vl53l1_platform.o
                0x000000000800dacc                VL53L1_GetTickCount
 .text.VL53L1_WaitMs
                0x000000000800daee       0x1c ./Drivers/VL53L1X/platform/src/vl53l1_platform.o
                0x000000000800daee                VL53L1_WaitMs
 *fill*         0x000000000800db0a        0x2 
 .text.VL53L1_WaitUs
                0x000000000800db0c       0x2c ./Drivers/VL53L1X/platform/src/vl53l1_platform.o
                0x000000000800db0c                VL53L1_WaitUs
 .text.VL53L1_WaitValueMaskEx
                0x000000000800db38      0x154 ./Drivers/VL53L1X/platform/src/vl53l1_platform.o
                0x000000000800db38                VL53L1_WaitValueMaskEx
 .text.__libc_init_array
                0x000000000800dc8c       0x48 c:/st/stm32cubeide_1.9.0/stm32cubeide/plugins/com.st.stm32cube.ide.mcu.externaltools.gnu-tools-for-stm32.10.3-2021.10.win32_1.0.100.202210260954/tools/bin/../lib/gcc/arm-none-eabi/10.3.1/../../../../arm-none-eabi/lib/thumb/v7e-m+fp/hard\libc_nano.a(lib_a-init.o)
                0x000000000800dc8c                __libc_init_array
 .text.memcpy   0x000000000800dcd4       0x1c c:/st/stm32cubeide_1.9.0/stm32cubeide/plugins/com.st.stm32cube.ide.mcu.externaltools.gnu-tools-for-stm32.10.3-2021.10.win32_1.0.100.202210260954/tools/bin/../lib/gcc/arm-none-eabi/10.3.1/../../../../arm-none-eabi/lib/thumb/v7e-m+fp/hard\libc_nano.a(lib_a-memcpy-stub.o)
                0x000000000800dcd4                memcpy
 .text.memset   0x000000000800dcf0       0x10 c:/st/stm32cubeide_1.9.0/stm32cubeide/plugins/com.st.stm32cube.ide.mcu.externaltools.gnu-tools-for-stm32.10.3-2021.10.win32_1.0.100.202210260954/tools/bin/../lib/gcc/arm-none-eabi/10.3.1/../../../../arm-none-eabi/lib/thumb/v7e-m+fp/hard\libc_nano.a(lib_a-memset.o)
                0x000000000800dcf0                memset
 .text.__cvt    0x000000000800dd00       0xc4 c:/st/stm32cubeide_1.9.0/stm32cubeide/plugins/com.st.stm32cube.ide.mcu.externaltools.gnu-tools-for-stm32.10.3-2021.10.win32_1.0.100.202210260954/tools/bin/../lib/gcc/arm-none-eabi/10.3.1/../../../../arm-none-eabi/lib/thumb/v7e-m+fp/hard\libc_nano.a(lib_a-nano-vfprintf_float.o)
                0x000000000800dd00                __cvt
 .text.__exponent
                0x000000000800ddc4       0x7c c:/st/stm32cubeide_1.9.0/stm32cubeide/plugins/com.st.stm32cube.ide.mcu.externaltools.gnu-tools-for-stm32.10.3-2021.10.win32_1.0.100.202210260954/tools/bin/../lib/gcc/arm-none-eabi/10.3.1/../../../../arm-none-eabi/lib/thumb/v7e-m+fp/hard\libc_nano.a(lib_a-nano-vfprintf_float.o)
                0x000000000800ddc4                __exponent
 .text._printf_float
                0x000000000800de40      0x46c c:/st/stm32cubeide_1.9.0/stm32cubeide/plugins/com.st.stm32cube.ide.mcu.externaltools.gnu-tools-for-stm32.10.3-2021.10.win32_1.0.100.202210260954/tools/bin/../lib/gcc/arm-none-eabi/10.3.1/../../../../arm-none-eabi/lib/thumb/v7e-m+fp/hard\libc_nano.a(lib_a-nano-vfprintf_float.o)
                0x000000000800de40                _printf_float
 .text._printf_common
                0x000000000800e2ac       0xda c:/st/stm32cubeide_1.9.0/stm32cubeide/plugins/com.st.stm32cube.ide.mcu.externaltools.gnu-tools-for-stm32.10.3-2021.10.win32_1.0.100.202210260954/tools/bin/../lib/gcc/arm-none-eabi/10.3.1/../../../../arm-none-eabi/lib/thumb/v7e-m+fp/hard\libc_nano.a(lib_a-nano-vfprintf_i.o)
                0x000000000800e2ac                _printf_common
 *fill*         0x000000000800e386        0x2 
 .text._printf_i
                0x000000000800e388      0x24c c:/st/stm32cubeide_1.9.0/stm32cubeide/plugins/com.st.stm32cube.ide.mcu.externaltools.gnu-tools-for-stm32.10.3-2021.10.win32_1.0.100.202210260954/tools/bin/../lib/gcc/arm-none-eabi/10.3.1/../../../../arm-none-eabi/lib/thumb/v7e-m+fp/hard\libc_nano.a(lib_a-nano-vfprintf_i.o)
                0x000000000800e388                _printf_i
 .text.sprintf  0x000000000800e5d4       0x40 c:/st/stm32cubeide_1.9.0/stm32cubeide/plugins/com.st.stm32cube.ide.mcu.externaltools.gnu-tools-for-stm32.10.3-2021.10.win32_1.0.100.202210260954/tools/bin/../lib/gcc/arm-none-eabi/10.3.1/../../../../arm-none-eabi/lib/thumb/v7e-m+fp/hard\libc_nano.a(lib_a-sprintf.o)
                0x000000000800e5d4                siprintf
                0x000000000800e5d4                sprintf
 .text.strncpy  0x000000000800e614       0x26 c:/st/stm32cubeide_1.9.0/stm32cubeide/plugins/com.st.stm32cube.ide.mcu.externaltools.gnu-tools-for-stm32.10.3-2021.10.win32_1.0.100.202210260954/tools/bin/../lib/gcc/arm-none-eabi/10.3.1/../../../../arm-none-eabi/lib/thumb/v7e-m+fp/hard\libc_nano.a(lib_a-strncpy.o)
                0x000000000800e614                strncpy
 .text.quorem   0x000000000800e63a      0x116 c:/st/stm32cubeide_1.9.0/stm32cubeide/plugins/com.st.stm32cube.ide.mcu.externaltools.gnu-tools-for-stm32.10.3-2021.10.win32_1.0.100.202210260954/tools/bin/../lib/gcc/arm-none-eabi/10.3.1/../../../../arm-none-eabi/lib/thumb/v7e-m+fp/hard\libc_nano.a(lib_a-dtoa.o)
 .text._dtoa_r  0x000000000800e750      0xbdc c:/st/stm32cubeide_1.9.0/stm32cubeide/plugins/com.st.stm32cube.ide.mcu.externaltools.gnu-tools-for-stm32.10.3-2021.10.win32_1.0.100.202210260954/tools/bin/../lib/gcc/arm-none-eabi/10.3.1/../../../../arm-none-eabi/lib/thumb/v7e-m+fp/hard\libc_nano.a(lib_a-dtoa.o)
                0x000000000800e750                _dtoa_r
 .text._localeconv_r
                0x000000000800f32c        0x8 c:/st/stm32cubeide_1.9.0/stm32cubeide/plugins/com.st.stm32cube.ide.mcu.externaltools.gnu-tools-for-stm32.10.3-2021.10.win32_1.0.100.202210260954/tools/bin/../lib/gcc/arm-none-eabi/10.3.1/../../../../arm-none-eabi/lib/thumb/v7e-m+fp/hard\libc_nano.a(lib_a-localeconv.o)
                0x000000000800f32c                _localeconv_r
 .text.malloc   0x000000000800f334       0x10 c:/st/stm32cubeide_1.9.0/stm32cubeide/plugins/com.st.stm32cube.ide.mcu.externaltools.gnu-tools-for-stm32.10.3-2021.10.win32_1.0.100.202210260954/tools/bin/../lib/gcc/arm-none-eabi/10.3.1/../../../../arm-none-eabi/lib/thumb/v7e-m+fp/hard\libc_nano.a(lib_a-malloc.o)
                0x000000000800f334                malloc
 .text._Balloc  0x000000000800f344       0x80 c:/st/stm32cubeide_1.9.0/stm32cubeide/plugins/com.st.stm32cube.ide.mcu.externaltools.gnu-tools-for-stm32.10.3-2021.10.win32_1.0.100.202210260954/tools/bin/../lib/gcc/arm-none-eabi/10.3.1/../../../../arm-none-eabi/lib/thumb/v7e-m+fp/hard\libc_nano.a(lib_a-mprec.o)
                0x000000000800f344                _Balloc
 .text._Bfree   0x000000000800f3c4       0x44 c:/st/stm32cubeide_1.9.0/stm32cubeide/plugins/com.st.stm32cube.ide.mcu.externaltools.gnu-tools-for-stm32.10.3-2021.10.win32_1.0.100.202210260954/tools/bin/../lib/gcc/arm-none-eabi/10.3.1/../../../../arm-none-eabi/lib/thumb/v7e-m+fp/hard\libc_nano.a(lib_a-mprec.o)
                0x000000000800f3c4                _Bfree
 .text.__multadd
                0x000000000800f408       0x8c c:/st/stm32cubeide_1.9.0/stm32cubeide/plugins/com.st.stm32cube.ide.mcu.externaltools.gnu-tools-for-stm32.10.3-2021.10.win32_1.0.100.202210260954/tools/bin/../lib/gcc/arm-none-eabi/10.3.1/../../../../arm-none-eabi/lib/thumb/v7e-m+fp/hard\libc_nano.a(lib_a-mprec.o)
                0x000000000800f408                __multadd
 .text.__hi0bits
                0x000000000800f494       0x40 c:/st/stm32cubeide_1.9.0/stm32cubeide/plugins/com.st.stm32cube.ide.mcu.externaltools.gnu-tools-for-stm32.10.3-2021.10.win32_1.0.100.202210260954/tools/bin/../lib/gcc/arm-none-eabi/10.3.1/../../../../arm-none-eabi/lib/thumb/v7e-m+fp/hard\libc_nano.a(lib_a-mprec.o)
                0x000000000800f494                __hi0bits
 .text.__lo0bits
                0x000000000800f4d4       0x5e c:/st/stm32cubeide_1.9.0/stm32cubeide/plugins/com.st.stm32cube.ide.mcu.externaltools.gnu-tools-for-stm32.10.3-2021.10.win32_1.0.100.202210260954/tools/bin/../lib/gcc/arm-none-eabi/10.3.1/../../../../arm-none-eabi/lib/thumb/v7e-m+fp/hard\libc_nano.a(lib_a-mprec.o)
                0x000000000800f4d4                __lo0bits
 *fill*         0x000000000800f532        0x2 
 .text.__i2b    0x000000000800f534       0x2c c:/st/stm32cubeide_1.9.0/stm32cubeide/plugins/com.st.stm32cube.ide.mcu.externaltools.gnu-tools-for-stm32.10.3-2021.10.win32_1.0.100.202210260954/tools/bin/../lib/gcc/arm-none-eabi/10.3.1/../../../../arm-none-eabi/lib/thumb/v7e-m+fp/hard\libc_nano.a(lib_a-mprec.o)
                0x000000000800f534                __i2b
 .text.__multiply
                0x000000000800f560      0x154 c:/st/stm32cubeide_1.9.0/stm32cubeide/plugins/com.st.stm32cube.ide.mcu.externaltools.gnu-tools-for-stm32.10.3-2021.10.win32_1.0.100.202210260954/tools/bin/../lib/gcc/arm-none-eabi/10.3.1/../../../../arm-none-eabi/lib/thumb/v7e-m+fp/hard\libc_nano.a(lib_a-mprec.o)
                0x000000000800f560                __multiply
 .text.__pow5mult
                0x000000000800f6b4       0xb4 c:/st/stm32cubeide_1.9.0/stm32cubeide/plugins/com.st.stm32cube.ide.mcu.externaltools.gnu-tools-for-stm32.10.3-2021.10.win32_1.0.100.202210260954/tools/bin/../lib/gcc/arm-none-eabi/10.3.1/../../../../arm-none-eabi/lib/thumb/v7e-m+fp/hard\libc_nano.a(lib_a-mprec.o)
                0x000000000800f6b4                __pow5mult
 .text.__lshift
                0x000000000800f768       0xe0 c:/st/stm32cubeide_1.9.0/stm32cubeide/plugins/com.st.stm32cube.ide.mcu.externaltools.gnu-tools-for-stm32.10.3-2021.10.win32_1.0.100.202210260954/tools/bin/../lib/gcc/arm-none-eabi/10.3.1/../../../../arm-none-eabi/lib/thumb/v7e-m+fp/hard\libc_nano.a(lib_a-mprec.o)
                0x000000000800f768                __lshift
 .text.__mcmp   0x000000000800f848       0x38 c:/st/stm32cubeide_1.9.0/stm32cubeide/plugins/com.st.stm32cube.ide.mcu.externaltools.gnu-tools-for-stm32.10.3-2021.10.win32_1.0.100.202210260954/tools/bin/../lib/gcc/arm-none-eabi/10.3.1/../../../../arm-none-eabi/lib/thumb/v7e-m+fp/hard\libc_nano.a(lib_a-mprec.o)
                0x000000000800f848                __mcmp
 .text.__mdiff  0x000000000800f880      0x114 c:/st/stm32cubeide_1.9.0/stm32cubeide/plugins/com.st.stm32cube.ide.mcu.externaltools.gnu-tools-for-stm32.10.3-2021.10.win32_1.0.100.202210260954/tools/bin/../lib/gcc/arm-none-eabi/10.3.1/../../../../arm-none-eabi/lib/thumb/v7e-m+fp/hard\libc_nano.a(lib_a-mprec.o)
                0x000000000800f880                __mdiff
 .text.__d2b    0x000000000800f994       0xb8 c:/st/stm32cubeide_1.9.0/stm32cubeide/plugins/com.st.stm32cube.ide.mcu.externaltools.gnu-tools-for-stm32.10.3-2021.10.win32_1.0.100.202210260954/tools/bin/../lib/gcc/arm-none-eabi/10.3.1/../../../../arm-none-eabi/lib/thumb/v7e-m+fp/hard\libc_nano.a(lib_a-mprec.o)
                0x000000000800f994                __d2b
 .text._calloc_r
                0x000000000800fa4c       0x2c c:/st/stm32cubeide_1.9.0/stm32cubeide/plugins/com.st.stm32cube.ide.mcu.externaltools.gnu-tools-for-stm32.10.3-2021.10.win32_1.0.100.202210260954/tools/bin/../lib/gcc/arm-none-eabi/10.3.1/../../../../arm-none-eabi/lib/thumb/v7e-m+fp/hard\libc_nano.a(lib_a-nano-callocr.o)
                0x000000000800fa4c                _calloc_r
 .text._free_r  0x000000000800fa78       0x98 c:/st/stm32cubeide_1.9.0/stm32cubeide/plugins/com.st.stm32cube.ide.mcu.externaltools.gnu-tools-for-stm32.10.3-2021.10.win32_1.0.100.202210260954/tools/bin/../lib/gcc/arm-none-eabi/10.3.1/../../../../arm-none-eabi/lib/thumb/v7e-m+fp/hard\libc_nano.a(lib_a-nano-freer.o)
                0x000000000800fa78                _free_r
 .text.sbrk_aligned
                0x000000000800fb10       0x40 c:/st/stm32cubeide_1.9.0/stm32cubeide/plugins/com.st.stm32cube.ide.mcu.externaltools.gnu-tools-for-stm32.10.3-2021.10.win32_1.0.100.202210260954/tools/bin/../lib/gcc/arm-none-eabi/10.3.1/../../../../arm-none-eabi/lib/thumb/v7e-m+fp/hard\libc_nano.a(lib_a-nano-mallocr.o)
 .text._malloc_r
                0x000000000800fb50       0xe8 c:/st/stm32cubeide_1.9.0/stm32cubeide/plugins/com.st.stm32cube.ide.mcu.externaltools.gnu-tools-for-stm32.10.3-2021.10.win32_1.0.100.202210260954/tools/bin/../lib/gcc/arm-none-eabi/10.3.1/../../../../arm-none-eabi/lib/thumb/v7e-m+fp/hard\libc_nano.a(lib_a-nano-mallocr.o)
                0x000000000800fb50                _malloc_r
 .text.__ssputs_r
                0x000000000800fc38       0xb6 c:/st/stm32cubeide_1.9.0/stm32cubeide/plugins/com.st.stm32cube.ide.mcu.externaltools.gnu-tools-for-stm32.10.3-2021.10.win32_1.0.100.202210260954/tools/bin/../lib/gcc/arm-none-eabi/10.3.1/../../../../arm-none-eabi/lib/thumb/v7e-m+fp/hard\libc_nano.a(lib_a-nano-svfprintf.o)
                0x000000000800fc38                __ssputs_r
 *fill*         0x000000000800fcee        0x2 
 .text._svfprintf_r
                0x000000000800fcf0      0x200 c:/st/stm32cubeide_1.9.0/stm32cubeide/plugins/com.st.stm32cube.ide.mcu.externaltools.gnu-tools-for-stm32.10.3-2021.10.win32_1.0.100.202210260954/tools/bin/../lib/gcc/arm-none-eabi/10.3.1/../../../../arm-none-eabi/lib/thumb/v7e-m+fp/hard\libc_nano.a(lib_a-nano-svfprintf.o)
                0x000000000800fcf0                _svfiprintf_r
                0x000000000800fcf0                _svfprintf_r
 .text._sbrk_r  0x000000000800fef0       0x20 c:/st/stm32cubeide_1.9.0/stm32cubeide/plugins/com.st.stm32cube.ide.mcu.externaltools.gnu-tools-for-stm32.10.3-2021.10.win32_1.0.100.202210260954/tools/bin/../lib/gcc/arm-none-eabi/10.3.1/../../../../arm-none-eabi/lib/thumb/v7e-m+fp/hard\libc_nano.a(lib_a-sbrkr.o)
                0x000000000800fef0                _sbrk_r
 .text.__assert_func
                0x000000000800ff10       0x3c c:/st/stm32cubeide_1.9.0/stm32cubeide/plugins/com.st.stm32cube.ide.mcu.externaltools.gnu-tools-for-stm32.10.3-2021.10.win32_1.0.100.202210260954/tools/bin/../lib/gcc/arm-none-eabi/10.3.1/../../../../arm-none-eabi/lib/thumb/v7e-m+fp/hard\libc_nano.a(lib_a-assert.o)
                0x000000000800ff10                __assert_func
 .text.fprintf  0x000000000800ff4c       0x24 c:/st/stm32cubeide_1.9.0/stm32cubeide/plugins/com.st.stm32cube.ide.mcu.externaltools.gnu-tools-for-stm32.10.3-2021.10.win32_1.0.100.202210260954/tools/bin/../lib/gcc/arm-none-eabi/10.3.1/../../../../arm-none-eabi/lib/thumb/v7e-m+fp/hard\libc_nano.a(lib_a-fprintf.o)
                0x000000000800ff4c                fiprintf
                0x000000000800ff4c                fprintf
 .text.__ascii_mbtowc
                0x000000000800ff70       0x24 c:/st/stm32cubeide_1.9.0/stm32cubeide/plugins/com.st.stm32cube.ide.mcu.externaltools.gnu-tools-for-stm32.10.3-2021.10.win32_1.0.100.202210260954/tools/bin/../lib/gcc/arm-none-eabi/10.3.1/../../../../arm-none-eabi/lib/thumb/v7e-m+fp/hard\libc_nano.a(lib_a-mbtowc_r.o)
                0x000000000800ff70                __ascii_mbtowc
 .text.memmove  0x000000000800ff94       0x34 c:/st/stm32cubeide_1.9.0/stm32cubeide/plugins/com.st.stm32cube.ide.mcu.externaltools.gnu-tools-for-stm32.10.3-2021.10.win32_1.0.100.202210260954/tools/bin/../lib/gcc/arm-none-eabi/10.3.1/../../../../arm-none-eabi/lib/thumb/v7e-m+fp/hard\libc_nano.a(lib_a-memmove.o)
                0x000000000800ff94                memmove
 .text.__malloc_lock
                0x000000000800ffc8        0xc c:/st/stm32cubeide_1.9.0/stm32cubeide/plugins/com.st.stm32cube.ide.mcu.externaltools.gnu-tools-for-stm32.10.3-2021.10.win32_1.0.100.202210260954/tools/bin/../lib/gcc/arm-none-eabi/10.3.1/../../../../arm-none-eabi/lib/thumb/v7e-m+fp/hard\libc_nano.a(lib_a-mlock.o)
                0x000000000800ffc8                __malloc_lock
 .text.__malloc_unlock
                0x000000000800ffd4        0xc c:/st/stm32cubeide_1.9.0/stm32cubeide/plugins/com.st.stm32cube.ide.mcu.externaltools.gnu-tools-for-stm32.10.3-2021.10.win32_1.0.100.202210260954/tools/bin/../lib/gcc/arm-none-eabi/10.3.1/../../../../arm-none-eabi/lib/thumb/v7e-m+fp/hard\libc_nano.a(lib_a-mlock.o)
                0x000000000800ffd4                __malloc_unlock
 .text._realloc_r
                0x000000000800ffe0       0x5e c:/st/stm32cubeide_1.9.0/stm32cubeide/plugins/com.st.stm32cube.ide.mcu.externaltools.gnu-tools-for-stm32.10.3-2021.10.win32_1.0.100.202210260954/tools/bin/../lib/gcc/arm-none-eabi/10.3.1/../../../../arm-none-eabi/lib/thumb/v7e-m+fp/hard\libc_nano.a(lib_a-nano-reallocr.o)
                0x000000000800ffe0                _realloc_r
 .text.__sfputc_r
                0x000000000801003e       0x2e c:/st/stm32cubeide_1.9.0/stm32cubeide/plugins/com.st.stm32cube.ide.mcu.externaltools.gnu-tools-for-stm32.10.3-2021.10.win32_1.0.100.202210260954/tools/bin/../lib/gcc/arm-none-eabi/10.3.1/../../../../arm-none-eabi/lib/thumb/v7e-m+fp/hard\libc_nano.a(lib_a-nano-vfprintf.o)
 .text.__sfputs_r
                0x000000000801006c       0x24 c:/st/stm32cubeide_1.9.0/stm32cubeide/plugins/com.st.stm32cube.ide.mcu.externaltools.gnu-tools-for-stm32.10.3-2021.10.win32_1.0.100.202210260954/tools/bin/../lib/gcc/arm-none-eabi/10.3.1/../../../../arm-none-eabi/lib/thumb/v7e-m+fp/hard\libc_nano.a(lib_a-nano-vfprintf.o)
                0x000000000801006c                __sfputs_r
 .text._vfprintf_r
                0x0000000008010090      0x260 c:/st/stm32cubeide_1.9.0/stm32cubeide/plugins/com.st.stm32cube.ide.mcu.externaltools.gnu-tools-for-stm32.10.3-2021.10.win32_1.0.100.202210260954/tools/bin/../lib/gcc/arm-none-eabi/10.3.1/../../../../arm-none-eabi/lib/thumb/v7e-m+fp/hard\libc_nano.a(lib_a-nano-vfprintf.o)
                0x0000000008010090                _vfprintf_r
                0x0000000008010090                _vfiprintf_r
 .text.__swbuf_r
                0x00000000080102f0       0xa4 c:/st/stm32cubeide_1.9.0/stm32cubeide/plugins/com.st.stm32cube.ide.mcu.externaltools.gnu-tools-for-stm32.10.3-2021.10.win32_1.0.100.202210260954/tools/bin/../lib/gcc/arm-none-eabi/10.3.1/../../../../arm-none-eabi/lib/thumb/v7e-m+fp/hard\libc_nano.a(lib_a-wbuf.o)
                0x00000000080102f0                __swbuf_r
 .text.__ascii_wctomb
                0x0000000008010394       0x1a c:/st/stm32cubeide_1.9.0/stm32cubeide/plugins/com.st.stm32cube.ide.mcu.externaltools.gnu-tools-for-stm32.10.3-2021.10.win32_1.0.100.202210260954/tools/bin/../lib/gcc/arm-none-eabi/10.3.1/../../../../arm-none-eabi/lib/thumb/v7e-m+fp/hard\libc_nano.a(lib_a-wctomb_r.o)
                0x0000000008010394                __ascii_wctomb
 *fill*         0x00000000080103ae        0x2 
 .text.__swsetup_r
                0x00000000080103b0       0xdc c:/st/stm32cubeide_1.9.0/stm32cubeide/plugins/com.st.stm32cube.ide.mcu.externaltools.gnu-tools-for-stm32.10.3-2021.10.win32_1.0.100.202210260954/tools/bin/../lib/gcc/arm-none-eabi/10.3.1/../../../../arm-none-eabi/lib/thumb/v7e-m+fp/hard\libc_nano.a(lib_a-wsetup.o)
                0x00000000080103b0                __swsetup_r
 .text.abort    0x000000000801048c        0xe c:/st/stm32cubeide_1.9.0/stm32cubeide/plugins/com.st.stm32cube.ide.mcu.externaltools.gnu-tools-for-stm32.10.3-2021.10.win32_1.0.100.202210260954/tools/bin/../lib/gcc/arm-none-eabi/10.3.1/../../../../arm-none-eabi/lib/thumb/v7e-m+fp/hard\libc_nano.a(lib_a-abort.o)
                0x000000000801048c                abort
 *fill*         0x000000000801049a        0x2 
 .text.__sflush_r
                0x000000000801049c      0x10c c:/st/stm32cubeide_1.9.0/stm32cubeide/plugins/com.st.stm32cube.ide.mcu.externaltools.gnu-tools-for-stm32.10.3-2021.10.win32_1.0.100.202210260954/tools/bin/../lib/gcc/arm-none-eabi/10.3.1/../../../../arm-none-eabi/lib/thumb/v7e-m+fp/hard\libc_nano.a(lib_a-fflush.o)
                0x000000000801049c                __sflush_r
 .text._fflush_r
                0x00000000080105a8       0x78 c:/st/stm32cubeide_1.9.0/stm32cubeide/plugins/com.st.stm32cube.ide.mcu.externaltools.gnu-tools-for-stm32.10.3-2021.10.win32_1.0.100.202210260954/tools/bin/../lib/gcc/arm-none-eabi/10.3.1/../../../../arm-none-eabi/lib/thumb/v7e-m+fp/hard\libc_nano.a(lib_a-fflush.o)
                0x00000000080105a8                _fflush_r
 .text.std      0x0000000008010620       0x48 c:/st/stm32cubeide_1.9.0/stm32cubeide/plugins/com.st.stm32cube.ide.mcu.externaltools.gnu-tools-for-stm32.10.3-2021.10.win32_1.0.100.202210260954/tools/bin/../lib/gcc/arm-none-eabi/10.3.1/../../../../arm-none-eabi/lib/thumb/v7e-m+fp/hard\libc_nano.a(lib_a-findfp.o)
 .text._cleanup_r
                0x0000000008010668        0xc c:/st/stm32cubeide_1.9.0/stm32cubeide/plugins/com.st.stm32cube.ide.mcu.externaltools.gnu-tools-for-stm32.10.3-2021.10.win32_1.0.100.202210260954/tools/bin/../lib/gcc/arm-none-eabi/10.3.1/../../../../arm-none-eabi/lib/thumb/v7e-m+fp/hard\libc_nano.a(lib_a-findfp.o)
                0x0000000008010668                _cleanup_r
 .text.__sfmoreglue
                0x0000000008010674       0x2c c:/st/stm32cubeide_1.9.0/stm32cubeide/plugins/com.st.stm32cube.ide.mcu.externaltools.gnu-tools-for-stm32.10.3-2021.10.win32_1.0.100.202210260954/tools/bin/../lib/gcc/arm-none-eabi/10.3.1/../../../../arm-none-eabi/lib/thumb/v7e-m+fp/hard\libc_nano.a(lib_a-findfp.o)
                0x0000000008010674                __sfmoreglue
 .text.__sfp_lock_acquire
                0x00000000080106a0        0xc c:/st/stm32cubeide_1.9.0/stm32cubeide/plugins/com.st.stm32cube.ide.mcu.externaltools.gnu-tools-for-stm32.10.3-2021.10.win32_1.0.100.202210260954/tools/bin/../lib/gcc/arm-none-eabi/10.3.1/../../../../arm-none-eabi/lib/thumb/v7e-m+fp/hard\libc_nano.a(lib_a-findfp.o)
                0x00000000080106a0                __sfp_lock_acquire
 .text.__sfp_lock_release
                0x00000000080106ac        0xc c:/st/stm32cubeide_1.9.0/stm32cubeide/plugins/com.st.stm32cube.ide.mcu.externaltools.gnu-tools-for-stm32.10.3-2021.10.win32_1.0.100.202210260954/tools/bin/../lib/gcc/arm-none-eabi/10.3.1/../../../../arm-none-eabi/lib/thumb/v7e-m+fp/hard\libc_nano.a(lib_a-findfp.o)
                0x00000000080106ac                __sfp_lock_release
 .text.__sinit_lock_acquire
                0x00000000080106b8        0xc c:/st/stm32cubeide_1.9.0/stm32cubeide/plugins/com.st.stm32cube.ide.mcu.externaltools.gnu-tools-for-stm32.10.3-2021.10.win32_1.0.100.202210260954/tools/bin/../lib/gcc/arm-none-eabi/10.3.1/../../../../arm-none-eabi/lib/thumb/v7e-m+fp/hard\libc_nano.a(lib_a-findfp.o)
                0x00000000080106b8                __sinit_lock_acquire
 .text.__sinit_lock_release
                0x00000000080106c4        0xc c:/st/stm32cubeide_1.9.0/stm32cubeide/plugins/com.st.stm32cube.ide.mcu.externaltools.gnu-tools-for-stm32.10.3-2021.10.win32_1.0.100.202210260954/tools/bin/../lib/gcc/arm-none-eabi/10.3.1/../../../../arm-none-eabi/lib/thumb/v7e-m+fp/hard\libc_nano.a(lib_a-findfp.o)
                0x00000000080106c4                __sinit_lock_release
 .text.__sinit  0x00000000080106d0       0x70 c:/st/stm32cubeide_1.9.0/stm32cubeide/plugins/com.st.stm32cube.ide.mcu.externaltools.gnu-tools-for-stm32.10.3-2021.10.win32_1.0.100.202210260954/tools/bin/../lib/gcc/arm-none-eabi/10.3.1/../../../../arm-none-eabi/lib/thumb/v7e-m+fp/hard\libc_nano.a(lib_a-findfp.o)
                0x00000000080106d0                __sinit
 .text.__sfp    0x0000000008010740       0x8c c:/st/stm32cubeide_1.9.0/stm32cubeide/plugins/com.st.stm32cube.ide.mcu.externaltools.gnu-tools-for-stm32.10.3-2021.10.win32_1.0.100.202210260954/tools/bin/../lib/gcc/arm-none-eabi/10.3.1/../../../../arm-none-eabi/lib/thumb/v7e-m+fp/hard\libc_nano.a(lib_a-findfp.o)
                0x0000000008010740                __sfp
 .text._fwalk_reent
                0x00000000080107cc       0x3e c:/st/stm32cubeide_1.9.0/stm32cubeide/plugins/com.st.stm32cube.ide.mcu.externaltools.gnu-tools-for-stm32.10.3-2021.10.win32_1.0.100.202210260954/tools/bin/../lib/gcc/arm-none-eabi/10.3.1/../../../../arm-none-eabi/lib/thumb/v7e-m+fp/hard\libc_nano.a(lib_a-fwalk.o)
                0x00000000080107cc                _fwalk_reent
 .text.__retarget_lock_init_recursive
                0x000000000801080a        0x2 c:/st/stm32cubeide_1.9.0/stm32cubeide/plugins/com.st.stm32cube.ide.mcu.externaltools.gnu-tools-for-stm32.10.3-2021.10.win32_1.0.100.202210260954/tools/bin/../lib/gcc/arm-none-eabi/10.3.1/../../../../arm-none-eabi/lib/thumb/v7e-m+fp/hard\libc_nano.a(lib_a-lock.o)
                0x000000000801080a                __retarget_lock_init_recursive
 .text.__retarget_lock_acquire_recursive
                0x000000000801080c        0x2 c:/st/stm32cubeide_1.9.0/stm32cubeide/plugins/com.st.stm32cube.ide.mcu.externaltools.gnu-tools-for-stm32.10.3-2021.10.win32_1.0.100.202210260954/tools/bin/../lib/gcc/arm-none-eabi/10.3.1/../../../../arm-none-eabi/lib/thumb/v7e-m+fp/hard\libc_nano.a(lib_a-lock.o)
                0x000000000801080c                __retarget_lock_acquire_recursive
 .text.__retarget_lock_release_recursive
                0x000000000801080e        0x2 c:/st/stm32cubeide_1.9.0/stm32cubeide/plugins/com.st.stm32cube.ide.mcu.externaltools.gnu-tools-for-stm32.10.3-2021.10.win32_1.0.100.202210260954/tools/bin/../lib/gcc/arm-none-eabi/10.3.1/../../../../arm-none-eabi/lib/thumb/v7e-m+fp/hard\libc_nano.a(lib_a-lock.o)
                0x000000000801080e                __retarget_lock_release_recursive
 .text.__swhatbuf_r
                0x0000000008010810       0x4a c:/st/stm32cubeide_1.9.0/stm32cubeide/plugins/com.st.stm32cube.ide.mcu.externaltools.gnu-tools-for-stm32.10.3-2021.10.win32_1.0.100.202210260954/tools/bin/../lib/gcc/arm-none-eabi/10.3.1/../../../../arm-none-eabi/lib/thumb/v7e-m+fp/hard\libc_nano.a(lib_a-makebuf.o)
                0x0000000008010810                __swhatbuf_r
 *fill*         0x000000000801085a        0x2 
 .text.__smakebuf_r
                0x000000000801085c       0x80 c:/st/stm32cubeide_1.9.0/stm32cubeide/plugins/com.st.stm32cube.ide.mcu.externaltools.gnu-tools-for-stm32.10.3-2021.10.win32_1.0.100.202210260954/tools/bin/../lib/gcc/arm-none-eabi/10.3.1/../../../../arm-none-eabi/lib/thumb/v7e-m+fp/hard\libc_nano.a(lib_a-makebuf.o)
                0x000000000801085c                __smakebuf_r
 .text._malloc_usable_size_r
                0x00000000080108dc       0x10 c:/st/stm32cubeide_1.9.0/stm32cubeide/plugins/com.st.stm32cube.ide.mcu.externaltools.gnu-tools-for-stm32.10.3-2021.10.win32_1.0.100.202210260954/tools/bin/../lib/gcc/arm-none-eabi/10.3.1/../../../../arm-none-eabi/lib/thumb/v7e-m+fp/hard\libc_nano.a(lib_a-nano-msizer.o)
                0x00000000080108dc                _malloc_usable_size_r
 .text._raise_r
                0x00000000080108ec       0x50 c:/st/stm32cubeide_1.9.0/stm32cubeide/plugins/com.st.stm32cube.ide.mcu.externaltools.gnu-tools-for-stm32.10.3-2021.10.win32_1.0.100.202210260954/tools/bin/../lib/gcc/arm-none-eabi/10.3.1/../../../../arm-none-eabi/lib/thumb/v7e-m+fp/hard\libc_nano.a(lib_a-signal.o)
                0x00000000080108ec                _raise_r
 .text.raise    0x000000000801093c       0x10 c:/st/stm32cubeide_1.9.0/stm32cubeide/plugins/com.st.stm32cube.ide.mcu.externaltools.gnu-tools-for-stm32.10.3-2021.10.win32_1.0.100.202210260954/tools/bin/../lib/gcc/arm-none-eabi/10.3.1/../../../../arm-none-eabi/lib/thumb/v7e-m+fp/hard\libc_nano.a(lib_a-signal.o)
                0x000000000801093c                raise