../Core/Src/main.c:119:5:main	112	static
../Core/Src/main.c:276:6:SystemClock_Config	88	static
../Core/Src/main.c:330:13:MX_ADC1_Init	24	static
../Core/Src/main.c:382:13:MX_I2C1_Init	8	static
../Core/Src/main.c:416:13:MX_I2C2_Init	8	static
../Core/Src/main.c:450:13:MX_I2C3_Init	8	static
../Core/Src/main.c:484:13:MX_SPI1_Init	8	static
../Core/Src/main.c:522:13:MX_SPI2_Init	8	static
../Core/Src/main.c:560:13:MX_SPI3_Init	8	static
../Core/Src/main.c:598:13:MX_TIM2_Init	56	static
../Core/Src/main.c:647:13:MX_TIM3_Init	48	static
../Core/Src/main.c:696:13:MX_TIM4_Init	48	static
../Core/Src/main.c:745:13:MX_TIM5_Init	48	static
../Core/Src/main.c:794:13:MX_TIM13_Init	40	static
../Core/Src/main.c:840:13:MX_USART2_UART_Init	8	static
../Core/Src/main.c:873:13:MX_USART6_UART_Init	8	static
../Core/Src/main.c:906:13:MX_GPIO_Init	48	static
../Core/Src/main.c:990:6:HAL_GPIO_EXTI_Callback	16	static
../Core/Src/main.c:1001:6:Error_Handler	4	static,ignoring_inline_asm
