../Drivers/CMSIS/Include/core_cm4.h:2064:26:ITM_SendChar	16	static,ignoring_inline_asm
../Core/Src/main.c:94:5:__io_putchar	16	static
../Core/Src/main.c:111:5:main	48	static
../Core/Src/main.c:210:6:SystemClock_Config	88	static
../Core/Src/main.c:264:13:MX_ADC1_Init	24	static
../Core/Src/main.c:316:13:MX_I2C1_Init	8	static
../Core/Src/main.c:350:13:MX_I2C3_Init	8	static
../Core/Src/main.c:384:13:MX_SPI1_Init	8	static
../Core/Src/main.c:422:13:MX_SPI2_Init	8	static
../Core/Src/main.c:460:13:MX_SPI3_Init	8	static
../Core/Src/main.c:498:13:MX_TIM2_Init	56	static
../Core/Src/main.c:547:13:MX_TIM3_Init	48	static
../Core/Src/main.c:596:13:MX_TIM4_Init	48	static
../Core/Src/main.c:645:13:MX_TIM5_Init	48	static
../Core/Src/main.c:694:13:MX_TIM13_Init	40	static
../Core/Src/main.c:740:13:MX_USART2_UART_Init	8	static
../Core/Src/main.c:773:13:MX_USART6_UART_Init	8	static
../Core/Src/main.c:806:13:MX_GPIO_Init	48	static
../Core/Src/main.c:888:6:Error_Handler	4	static,ignoring_inline_asm
